Archive member included to satisfy reference by file (symbol)

/opt/st/stm32cubeide_1.17.0/plugins/com.st.stm32cube.ide.mcu.externaltools.gnu-tools-for-stm32.12.3.rel1.linux64_1.1.0.202410170702/tools/bin/../lib/gcc/arm-none-eabi/12.3.1/../../../../arm-none-eabi/lib/thumb/v7e-m+fp/hard/libc_nano.a(libc_a-exit.o)
                              /opt/st/stm32cubeide_1.17.0/plugins/com.st.stm32cube.ide.mcu.externaltools.gnu-tools-for-stm32.12.3.rel1.linux64_1.1.0.202410170702/tools/bin/../lib/gcc/arm-none-eabi/12.3.1/../../../../arm-none-eabi/lib/thumb/v7e-m+fp/hard/crt0.o (exit)
/opt/st/stm32cubeide_1.17.0/plugins/com.st.stm32cube.ide.mcu.externaltools.gnu-tools-for-stm32.12.3.rel1.linux64_1.1.0.202410170702/tools/bin/../lib/gcc/arm-none-eabi/12.3.1/../../../../arm-none-eabi/lib/thumb/v7e-m+fp/hard/libc_nano.a(libc_a-findfp.o)
                              /opt/st/stm32cubeide_1.17.0/plugins/com.st.stm32cube.ide.mcu.externaltools.gnu-tools-for-stm32.12.3.rel1.linux64_1.1.0.202410170702/tools/bin/../lib/gcc/arm-none-eabi/12.3.1/../../../../arm-none-eabi/lib/thumb/v7e-m+fp/hard/libc_nano.a(libc_a-exit.o) (__stdio_exit_handler)
/opt/st/stm32cubeide_1.17.0/plugins/com.st.stm32cube.ide.mcu.externaltools.gnu-tools-for-stm32.12.3.rel1.linux64_1.1.0.202410170702/tools/bin/../lib/gcc/arm-none-eabi/12.3.1/../../../../arm-none-eabi/lib/thumb/v7e-m+fp/hard/libc_nano.a(libc_a-fwalk.o)
                              /opt/st/stm32cubeide_1.17.0/plugins/com.st.stm32cube.ide.mcu.externaltools.gnu-tools-for-stm32.12.3.rel1.linux64_1.1.0.202410170702/tools/bin/../lib/gcc/arm-none-eabi/12.3.1/../../../../arm-none-eabi/lib/thumb/v7e-m+fp/hard/libc_nano.a(libc_a-findfp.o) (_fwalk_sglue)
/opt/st/stm32cubeide_1.17.0/plugins/com.st.stm32cube.ide.mcu.externaltools.gnu-tools-for-stm32.12.3.rel1.linux64_1.1.0.202410170702/tools/bin/../lib/gcc/arm-none-eabi/12.3.1/../../../../arm-none-eabi/lib/thumb/v7e-m+fp/hard/libc_nano.a(libc_a-printf.o)
                              ./Core/Src/app_entry.o (printf)
/opt/st/stm32cubeide_1.17.0/plugins/com.st.stm32cube.ide.mcu.externaltools.gnu-tools-for-stm32.12.3.rel1.linux64_1.1.0.202410170702/tools/bin/../lib/gcc/arm-none-eabi/12.3.1/../../../../arm-none-eabi/lib/thumb/v7e-m+fp/hard/libc_nano.a(libc_a-putchar.o)
                              ./STM32_WPAN/App/app_ble.o (putchar)
/opt/st/stm32cubeide_1.17.0/plugins/com.st.stm32cube.ide.mcu.externaltools.gnu-tools-for-stm32.12.3.rel1.linux64_1.1.0.202410170702/tools/bin/../lib/gcc/arm-none-eabi/12.3.1/../../../../arm-none-eabi/lib/thumb/v7e-m+fp/hard/libc_nano.a(libc_a-puts.o)
                              ./Core/Src/app_entry.o (puts)
/opt/st/stm32cubeide_1.17.0/plugins/com.st.stm32cube.ide.mcu.externaltools.gnu-tools-for-stm32.12.3.rel1.linux64_1.1.0.202410170702/tools/bin/../lib/gcc/arm-none-eabi/12.3.1/../../../../arm-none-eabi/lib/thumb/v7e-m+fp/hard/libc_nano.a(libc_a-stdio.o)
                              /opt/st/stm32cubeide_1.17.0/plugins/com.st.stm32cube.ide.mcu.externaltools.gnu-tools-for-stm32.12.3.rel1.linux64_1.1.0.202410170702/tools/bin/../lib/gcc/arm-none-eabi/12.3.1/../../../../arm-none-eabi/lib/thumb/v7e-m+fp/hard/libc_nano.a(libc_a-findfp.o) (__sread)
/opt/st/stm32cubeide_1.17.0/plugins/com.st.stm32cube.ide.mcu.externaltools.gnu-tools-for-stm32.12.3.rel1.linux64_1.1.0.202410170702/tools/bin/../lib/gcc/arm-none-eabi/12.3.1/../../../../arm-none-eabi/lib/thumb/v7e-m+fp/hard/libc_nano.a(libc_a-vprintf.o)
                              ./Middlewares/ST/STM32_WPAN/utilities/dbg_trace.o (vprintf)
/opt/st/stm32cubeide_1.17.0/plugins/com.st.stm32cube.ide.mcu.externaltools.gnu-tools-for-stm32.12.3.rel1.linux64_1.1.0.202410170702/tools/bin/../lib/gcc/arm-none-eabi/12.3.1/../../../../arm-none-eabi/lib/thumb/v7e-m+fp/hard/libc_nano.a(libc_a-wbuf.o)
                              /opt/st/stm32cubeide_1.17.0/plugins/com.st.stm32cube.ide.mcu.externaltools.gnu-tools-for-stm32.12.3.rel1.linux64_1.1.0.202410170702/tools/bin/../lib/gcc/arm-none-eabi/12.3.1/../../../../arm-none-eabi/lib/thumb/v7e-m+fp/hard/libc_nano.a(libc_a-puts.o) (__swbuf_r)
/opt/st/stm32cubeide_1.17.0/plugins/com.st.stm32cube.ide.mcu.externaltools.gnu-tools-for-stm32.12.3.rel1.linux64_1.1.0.202410170702/tools/bin/../lib/gcc/arm-none-eabi/12.3.1/../../../../arm-none-eabi/lib/thumb/v7e-m+fp/hard/libc_nano.a(libc_a-wsetup.o)
                              /opt/st/stm32cubeide_1.17.0/plugins/com.st.stm32cube.ide.mcu.externaltools.gnu-tools-for-stm32.12.3.rel1.linux64_1.1.0.202410170702/tools/bin/../lib/gcc/arm-none-eabi/12.3.1/../../../../arm-none-eabi/lib/thumb/v7e-m+fp/hard/libc_nano.a(libc_a-puts.o) (__swsetup_r)
/opt/st/stm32cubeide_1.17.0/plugins/com.st.stm32cube.ide.mcu.externaltools.gnu-tools-for-stm32.12.3.rel1.linux64_1.1.0.202410170702/tools/bin/../lib/gcc/arm-none-eabi/12.3.1/../../../../arm-none-eabi/lib/thumb/v7e-m+fp/hard/libc_nano.a(libc_a-memcmp.o)
                              ./Middlewares/ST/STM32_WPAN/ble/core/template/osal.o (memcmp)
[...]
Memory Configuration

Name             Origin             Length             Attributes
FLASH            0x08000000         0x00080000         xr
RAM              0x20000008         0x0002fff8         xrw
RAM_SHARED       0x20030000         0x00002800         xrw
*default*        0x00000000         0xffffffff

Linker script and memory map

LOAD /opt/st/stm32cubeide_1.17.0/plugins/com.st.stm32cube.ide.mcu.externaltools.gnu-tools-for-stm32.12.3.rel1.linux64_1.1.0.202410170702/tools/bin/../lib/gcc/arm-none-eabi/12.3.1/thumb/v7e-m+fp/hard/crti.o
LOAD /opt/st/stm32cubeide_1.17.0/plugins/com.st.stm32cube.ide.mcu.externaltools.gnu-tools-for-stm32.12.3.rel1.linux64_1.1.0.202410170702/tools/bin/../lib/gcc/arm-none-eabi/12.3.1/thumb/v7e-m+fp/hard/crtbegin.o
LOAD /opt/st/stm32cubeide_1.17.0/plugins/com.st.stm32cube.ide.mcu.externaltools.gnu-tools-for-stm32.12.3.rel1.linux64_1.1.0.202410170702/tools/bin/../lib/gcc/arm-none-eabi/12.3.1/../../../../arm-none-eabi/lib/thumb/v7e-m+fp/hard/crt0.o
LOAD ./Core/Src/app_debug.o
LOAD ./Core/Src/app_entry.o
LOAD ./Core/Src/hw_timerserver.o
LOAD ./Core/Src/hw_uart.o
LOAD ./Core/Src/main.o
LOAD ./Core/Src/stm32_lpm_if.o
LOAD ./Core/Src/stm32wbxx_hal_msp.o
LOAD ./Core/Src/stm32wbxx_it.o
LOAD ./Core/Src/syscalls.o
LOAD ./Core/Src/sysmem.o
LOAD ./Core/Src/system_stm32wbxx.o
LOAD ./Core/Startup/startup_stm32wb55rgvx.o
LOAD ./Drivers/STM32WBxx_HAL_Driver/Src/stm32wbxx_hal.o
LOAD ./Drivers/STM32WBxx_HAL_Driver/Src/stm32wbxx_hal_cortex.o
LOAD ./Drivers/STM32WBxx_HAL_Driver/Src/stm32wbxx_hal_dma.o
LOAD ./Drivers/STM32WBxx_HAL_Driver/Src/stm32wbxx_hal_dma_ex.o
LOAD ./Drivers/STM32WBxx_HAL_Driver/Src/stm32wbxx_hal_exti.o
LOAD ./Drivers/STM32WBxx_HAL_Driver/Src/stm32wbxx_hal_flash.o
LOAD ./Drivers/STM32WBxx_HAL_Driver/Src/stm32wbxx_hal_flash_ex.o
LOAD ./Drivers/STM32WBxx_HAL_Driver/Src/stm32wbxx_hal_gpio.o
LOAD ./Drivers/STM32WBxx_HAL_Driver/Src/stm32wbxx_hal_hsem.o
LOAD ./Drivers/STM32WBxx_HAL_Driver/Src/stm32wbxx_hal_ipcc.o
LOAD ./Drivers/STM32WBxx_HAL_Driver/Src/stm32wbxx_hal_pwr.o
LOAD ./Drivers/STM32WBxx_HAL_Driver/Src/stm32wbxx_hal_pwr_ex.o
LOAD ./Drivers/STM32WBxx_HAL_Driver/Src/stm32wbxx_hal_rcc.o
LOAD ./Drivers/STM32WBxx_HAL_Driver/Src/stm32wbxx_hal_rcc_ex.o
LOAD ./Drivers/STM32WBxx_HAL_Driver/Src/stm32wbxx_hal_rtc.o
LOAD ./Drivers/STM32WBxx_HAL_Driver/Src/stm32wbxx_hal_rtc_ex.o
LOAD ./Drivers/STM32WBxx_HAL_Driver/Src/stm32wbxx_hal_uart.o
LOAD ./Drivers/STM32WBxx_HAL_Driver/Src/stm32wbxx_hal_uart_ex.o
LOAD ./Drivers/STM32WBxx_HAL_Driver/Src/stm32wbxx_ll_rcc.o
LOAD ./Middlewares/ST/STM32_WPAN/ble/core/auto/ble_events.o
LOAD ./Middlewares/ST/STM32_WPAN/ble/core/auto/ble_gap_aci.o
LOAD ./Middlewares/ST/STM32_WPAN/ble/core/auto/ble_gatt_aci.o
LOAD ./Middlewares/ST/STM32_WPAN/ble/core/auto/ble_hal_aci.o
LOAD ./Middlewares/ST/STM32_WPAN/ble/core/auto/ble_hci_le.o
LOAD ./Middlewares/ST/STM32_WPAN/ble/core/auto/ble_l2cap_aci.o
LOAD ./Middlewares/ST/STM32_WPAN/ble/core/template/osal.o
LOAD ./Middlewares/ST/STM32_WPAN/ble/svc/Src/svc_ctl.o
LOAD ./Middlewares/ST/STM32_WPAN/interface/patterns/ble_thread/shci/shci.o
LOAD ./Middlewares/ST/STM32_WPAN/interface/patterns/ble_thread/tl/hci_tl.o
LOAD ./Middlewares/ST/STM32_WPAN/interface/patterns/ble_thread/tl/hci_tl_if.o
LOAD ./Middlewares/ST/STM32_WPAN/interface/patterns/ble_thread/tl/shci_tl.o
LOAD ./Middlewares/ST/STM32_WPAN/interface/patterns/ble_thread/tl/shci_tl_if.o
LOAD ./Middlewares/ST/STM32_WPAN/interface/patterns/ble_thread/tl/tl_mbox.o
LOAD ./Middlewares/ST/STM32_WPAN/utilities/dbg_trace.o
LOAD ./Middlewares/ST/STM32_WPAN/utilities/otp.o
LOAD ./Middlewares/ST/STM32_WPAN/utilities/stm_list.o
LOAD ./Middlewares/ST/STM32_WPAN/utilities/stm_queue.o
LOAD ./STM32_WPAN/App/app_ble.o
LOAD ./STM32_WPAN/App/custom_app.o
LOAD ./STM32_WPAN/App/custom_stm.o
LOAD ./STM32_WPAN/Target/hw_ipcc.o
LOAD ./Utilities/lpm/tiny_lpm/stm32_lpm.o
LOAD ./Utilities/sequencer/stm32_seq.o
START GROUP
LOAD /opt/st/stm32cubeide_1.17.0/plugins/com.st.stm32cube.ide.mcu.externaltools.gnu-tools-for-stm32.12.3.rel1.linux64_1.1.0.202410170702/tools/bin/../lib/gcc/arm-none-eabi/12.3.1/../../../../arm-none-eabi/lib/thumb/v7e-m+fp/hard/libc_nano.a
LOAD /opt/st/stm32cubeide_1.17.0/plugins/com.st.stm32cube.ide.mcu.externaltools.gnu-tools-for-stm32.12.3.rel1.linux64_1.1.0.202410170702/tools/bin/../lib/gcc/arm-none-eabi/12.3.1/../../../../arm-none-eabi/lib/thumb/v7e-m+fp/hard/libm.a
END GROUP
START GROUP
LOAD /opt/st/stm32cubeide_1.17.0/plugins/com.st.stm32cube.ide.mcu.externaltools.gnu-tools-for-stm32.12.3.rel1.linux64_1.1.0.202410170702/tools/bin/../lib/gcc/arm-none-eabi/12.3.1/thumb/v7e-m+fp/hard/libgcc.a
LOAD /opt/st/stm32cubeide_1.17.0/plugins/com.st.stm32cube.ide.mcu.externaltools.gnu-tools-for-stm32.12.3.rel1.linux64_1.1.0.202410170702/tools/bin/../lib/gcc/arm-none-eabi/12.3.1/../../../../arm-none-eabi/lib/thumb/v7e-m+fp/hard/libc_nano.a
END GROUP
START GROUP
LOAD /opt/st/stm32cubeide_1.17.0/plugins/com.st.stm32cube.ide.mcu.externaltools.gnu-tools-for-stm32.12.3.rel1.linux64_1.1.0.202410170702/tools/bin/../lib/gcc/arm-none-eabi/12.3.1/thumb/v7e-m+fp/hard/libgcc.a
LOAD /opt/st/stm32cubeide_1.17.0/plugins/com.st.stm32cube.ide.mcu.externaltools.gnu-tools-for-stm32.12.3.rel1.linux64_1.1.0.202410170702/tools/bin/../lib/gcc/arm-none-eabi/12.3.1/../../../../arm-none-eabi/lib/thumb/v7e-m+fp/hard/libc_nano.a
LOAD /opt/st/stm32cubeide_1.17.0/plugins/com.st.stm32cube.ide.mcu.externaltools.gnu-tools-for-stm32.12.3.rel1.linux64_1.1.0.202410170702/tools/bin/../lib/gcc/arm-none-eabi/12.3.1/../../../../arm-none-eabi/lib/thumb/v7e-m+fp/hard/libnosys.a
END GROUP
START GROUP
LOAD /opt/st/stm32cubeide_1.17.0/plugins/com.st.stm32cube.ide.mcu.externaltools.gnu-tools-for-stm32.12.3.rel1.linux64_1.1.0.202410170702/tools/bin/../lib/gcc/arm-none-eabi/12.3.1/thumb/v7e-m+fp/hard/libgcc.a
LOAD /opt/st/stm32cubeide_1.17.0/plugins/com.st.stm32cube.ide.mcu.externaltools.gnu-tools-for-stm32.12.3.rel1.linux64_1.1.0.202410170702/tools/bin/../lib/gcc/arm-none-eabi/12.3.1/../../../../arm-none-eabi/lib/thumb/v7e-m+fp/hard/libc_nano.a
LOAD /opt/st/stm32cubeide_1.17.0/plugins/com.st.stm32cube.ide.mcu.externaltools.gnu-tools-for-stm32.12.3.rel1.linux64_1.1.0.202410170702/tools/bin/../lib/gcc/arm-none-eabi/12.3.1/../../../../arm-none-eabi/lib/thumb/v7e-m+fp/hard/libnosys.a
END GROUP
LOAD /opt/st/stm32cubeide_1.17.0/plugins/com.st.stm32cube.ide.mcu.externaltools.gnu-tools-for-stm32.12.3.rel1.linux64_1.1.0.202410170702/tools/bin/../lib/gcc/arm-none-eabi/12.3.1/thumb/v7e-m+fp/hard/crtend.o
LOAD /opt/st/stm32cubeide_1.17.0/plugins/com.st.stm32cube.ide.mcu.externaltools.gnu-tools-for-stm32.12.3.rel1.linux64_1.1.0.202410170702/tools/bin/../lib/gcc/arm-none-eabi/12.3.1/thumb/v7e-m+fp/hard/crtn.o
                0x20030000                        _estack = (ORIGIN (RAM) + LENGTH (RAM))
                0x00000200                        _Min_Heap_Size = 0x200
                0x00000400                        _Min_Stack_Size = 0x400

.isr_vector     0x08000000      0x13c
                0x08000000                        . = ALIGN (0x4)
 *(.isr_vector)
 .isr_vector    0x08000000      0x13c ./Core/Startup/startup_stm32wb55rgvx.o
                0x08000000                g_pfnVectors
                0x0800013c                        . = ALIGN (0x4)

.text           0x08000140     0xb4dc
                0x08000140                        . = ALIGN (0x4)
 *(.text)
 .text          0x08000140       0x40 /opt/st/stm32cubeide_1.17.0/plugins/com.st.stm32cube.ide.mcu.externaltools.gnu-tools-for-stm32.12.3.rel1.linux64_1.1.0.202410170702/tools/bin/../lib/gcc/arm-none-eabi/12.3.1/thumb/v7e-m+fp/hard/crtbegin.o
 .text          0x08000180       0x10 /opt/st/stm32cubeide_1.17.0/plugins/com.st.stm32cube.ide.mcu.externaltools.gnu-tools-for-stm32.12.3.rel1.linux64_1.1.0.202410170702/tools/bin/../lib/gcc/arm-none-eabi/12.3.1/../../../../arm-none-eabi/lib/thumb/v7e-m+fp/hard/libc_nano.a(libc_a-strlen.o)
                0x08000180                strlen
 .text          0x08000190       0xa0 /opt/st/stm32cubeide_1.17.0/plugins/com.st.stm32cube.ide.mcu.externaltools.gnu-tools-for-stm32.12.3.rel1.linux64_1.1.0.202410170702/tools/bin/../lib/gcc/arm-none-eabi/12.3.1/../../../../arm-none-eabi/lib/thumb/v7e-m+fp/hard/libc_nano.a(libc_a-memchr.o)
                0x08000190                memchr
 .text          0x08000230      0x254 /opt/st/stm32cubeide_1.17.0/plugins/com.st.stm32cube.ide.mcu.externaltools.gnu-tools-for-stm32.12.3.rel1.linux64_1.1.0.202410170702/tools/bin/../lib/gcc/arm-none-eabi/12.3.1/thumb/v7e-m+fp/hard/libgcc.a(_arm_muldf3.o)
                0x08000230                __aeabi_dmul
                0x08000230                __muldf3
 .text          0x08000484      0x378 /opt/st/stm32cubeide_1.17.0/plugins/com.st.stm32cube.ide.mcu.externaltools.gnu-tools-for-stm32.12.3.rel1.linux64_1.1.0.202410170702/tools/bin/../lib/gcc/arm-none-eabi/12.3.1/thumb/v7e-m+fp/hard/libgcc.a(_arm_addsubdf3.o)
                0x08000484                __aeabi_drsub
                0x0800048c                __aeabi_dsub
                0x0800048c                __subdf3
                0x08000490                __adddf3
                0x08000490                __aeabi_dadd
                0x08000708                __aeabi_ui2d
                0x08000708                __floatunsidf
                0x08000728                __floatsidf
                0x08000728                __aeabi_i2d
                0x0800074c                __extendsfdf2
                0x0800074c                __aeabi_f2d
                0x08000790                __aeabi_ul2d
                0x08000790                __floatundidf
                0x080007a0                __floatdidf
                0x080007a0                __aeabi_l2d
 .text          0x080007fc       0x30 /opt/st/stm32cubeide_1.17.0/plugins/com.st.stm32cube.ide.mcu.externaltools.gnu-tools-for-stm32.12.3.rel1.linux64_1.1.0.202410170702/tools/bin/../lib/gcc/arm-none-eabi/12.3.1/thumb/v7e-m+fp/hard/libgcc.a(_aeabi_uldivmod.o)
                0x080007fc                __aeabi_uldivmod
 .text          0x0800082c      0x2bc /opt/st/stm32cubeide_1.17.0/plugins/com.st.stm32cube.ide.mcu.externaltools.gnu-tools-for-stm32.12.3.rel1.linux64_1.1.0.202410170702/tools/bin/../lib/gcc/arm-none-eabi/12.3.1/thumb/v7e-m+fp/hard/libgcc.a(_udivmoddi4.o)
                0x0800082c                __udivmoddi4
 .text          0x08000ae8        0x4 /opt/st/stm32cubeide_1.17.0/plugins/com.st.stm32cube.ide.mcu.externaltools.gnu-tools-for-stm32.12.3.rel1.linux64_1.1.0.202410170702/tools/bin/../lib/gcc/arm-none-eabi/12.3.1/thumb/v7e-m+fp/hard/libgcc.a(_dvmd_tls.o)
                0x08000ae8                __aeabi_ldiv0
                0x08000ae8                __aeabi_idiv0
 *(.text*)
 .text.LL_EXTI_EnableIT_32_63
                0x08000aec       0x28 ./Core/Src/app_debug.o
 .text.LL_AHB2_GRP1_EnableClock
                0x08000b14       0x32 ./Core/Src/app_debug.o
 .text.LL_C2_AHB2_GRP1_EnableClock
                0x08000b46       0x38 ./Core/Src/app_debug.o
 .text.APPD_Init
                0x08000b7e       0x24 ./Core/Src/app_debug.o
                0x08000b7e                APPD_Init
 *fill*         0x08000ba2        0x2 
 .text.APPD_EnableCPU2
                0x08000ba4       0x38 ./Core/Src/app_debug.o
                0x08000ba4                APPD_EnableCPU2
 .text.APPD_SetCPU2GpioConfig
                0x08000bdc      0x144 ./Core/Src/app_debug.o
 .text.APPD_BleDtbCfg
                0x08000d20        0xe ./Core/Src/app_debug.o
 .text.DbgOutputInit
                0x08000d2e        0xc ./Core/Src/app_debug.o
                0x08000d2e                DbgOutputInit
 .text.DbgOutputTraces
                0x08000d3a       0x22 ./Core/Src/app_debug.o
                0x08000d3a                DbgOutputTraces
 .text.LL_C2_PWR_SetPowerMode
                0x08000d5c       0x2c ./Core/Src/app_entry.o
 .text.LL_EXTI_EnableIT_32_63
                0x08000d88       0x28 ./Core/Src/app_entry.o
 .text.LL_RCC_HSE_SetCapacitorTuning
                0x08000db0       0x3c ./Core/Src/app_entry.o
 .text.LL_RCC_SetClkAfterWakeFromStop
                0x08000dec       0x28 ./Core/Src/app_entry.o
 .text.LL_DBGMCU_GetDeviceID
                0x08000e14       0x1c ./Core/Src/app_entry.o
 .text.LL_DBGMCU_GetRevisionID
                0x08000e30       0x1c ./Core/Src/app_entry.o
 .text.LL_RTC_EnableWriteProtection
                0x08000e4c       0x1a ./Core/Src/app_entry.o
 .text.LL_RTC_DisableWriteProtection
                0x08000e66       0x20 ./Core/Src/app_entry.o
 .text.LL_RTC_WAKEUP_SetClock
                0x08000e86       0x26 ./Core/Src/app_entry.o
 .text.MX_APPE_Config
                0x08000eac       0x1c ./Core/Src/app_entry.o
                0x08000eac                MX_APPE_Config
 .text.MX_APPE_Init
                0x08000ec8       0x24 ./Core/Src/app_entry.o
                0x08000ec8                MX_APPE_Init
 .text.Init_Smps
                0x08000eec        0xe ./Core/Src/app_entry.o
                0x08000eec                Init_Smps
 .text.Init_Exti
                0x08000efa        0xe ./Core/Src/app_entry.o
                0x08000efa                Init_Exti
 .text.Reset_Device
                0x08000f08        0xe ./Core/Src/app_entry.o
 .text.Config_HSE
                0x08000f16       0x28 ./Core/Src/app_entry.o
 .text.System_Init
                0x08000f3e       0x14 ./Core/Src/app_entry.o
 *fill*         0x08000f52        0x2 
 .text.Init_Rtc
                0x08000f54       0x20 ./Core/Src/app_entry.o
 .text.SystemPower_Config
                0x08000f74       0x1a ./Core/Src/app_entry.o
 *fill*         0x08000f8e        0x2 
 .text.appe_Tl_Init
                0x08000f90       0x6c ./Core/Src/app_entry.o
 .text.APPE_SysStatusNot
                0x08000ffc       0x16 ./Core/Src/app_entry.o
 *fill*         0x08001012        0x2 
 .text.APPE_SysUserEvtRx
                0x08001014      0x118 ./Core/Src/app_entry.o
 .text.APPE_SysEvtError
                0x0800112c       0x4c ./Core/Src/app_entry.o
 .text.APPE_SysEvtReadyProcessing
                0x08001178       0xc0 ./Core/Src/app_entry.o
 .text.MX_APPE_Process
                0x08001238       0x10 ./Core/Src/app_entry.o
                0x08001238                MX_APPE_Process
 .text.UTIL_SEQ_Idle
                0x08001248        0xe ./Core/Src/app_entry.o
                0x08001248                UTIL_SEQ_Idle
 .text.UTIL_SEQ_EvtIdle
                0x08001256       0x1a ./Core/Src/app_entry.o
                0x08001256                UTIL_SEQ_EvtIdle
 .text.shci_notify_asynch_evt
                0x08001270       0x18 ./Core/Src/app_entry.o
                0x08001270                shci_notify_asynch_evt
 .text.shci_cmd_resp_release
                0x08001288       0x16 ./Core/Src/app_entry.o
                0x08001288                shci_cmd_resp_release
 .text.shci_cmd_resp_wait
                0x0800129e       0x16 ./Core/Src/app_entry.o
                0x0800129e                shci_cmd_resp_wait
 .text.LL_EXTI_EnableIT_0_31
                0x080012b4       0x28 ./Core/Src/hw_timerserver.o
 .text.LL_EXTI_EnableRisingTrig_0_31
                0x080012dc       0x24 ./Core/Src/hw_timerserver.o
 .text.HW_TS_Init
                0x08001300      0x1b4 ./Core/Src/hw_timerserver.o
                0x08001300                HW_TS_Init
 .text.HW_UART_Transmit_DMA
                0x080014b4       0x8c ./Core/Src/hw_uart.o
                0x080014b4                HW_UART_Transmit_DMA
 .text.HAL_UART_TxCpltCallback
                0x08001540       0x3c ./Core/Src/hw_uart.o
                0x08001540                HAL_UART_TxCpltCallback
 .text.LL_RCC_LSE_SetDriveCapability
                0x0800157c       0x2c ./Core/Src/main.o
 .text.LL_AHB1_GRP1_EnableClock
                0x080015a8       0x32 ./Core/Src/main.o
 .text.LL_AHB2_GRP1_EnableClock
                0x080015da       0x32 ./Core/Src/main.o
 .text.main     0x0800160c       0x32 ./Core/Src/main.o
                0x0800160c                main
 *fill*         0x0800163e        0x2 
 .text.SystemClock_Config
                0x08001640       0xc4 ./Core/Src/main.o
                0x08001640                SystemClock_Config
 .text.PeriphCommonClock_Config
                0x08001704       0x40 ./Core/Src/main.o
                0x08001704                PeriphCommonClock_Config
 .text.MX_IPCC_Init
                0x08001744       0x28 ./Core/Src/main.o
 .text.MX_RF_Init
                0x0800176c        0xe ./Core/Src/main.o
 *fill*         0x0800177a        0x2 
 .text.MX_RTC_Init
                0x0800177c       0x68 ./Core/Src/main.o
 .text.MX_USART1_UART_Init
                0x080017e4       0x9c ./Core/Src/main.o
                0x080017e4                MX_USART1_UART_Init
 .text.MX_DMA_Init
                0x08001880       0x34 ./Core/Src/main.o
 .text.MX_GPIO_Init
                0x080018b4       0xb4 ./Core/Src/main.o
 .text.Error_Handler
                0x08001968        0xc ./Core/Src/main.o
                0x08001968                Error_Handler
 .text.LL_RCC_EnableRTC
                0x08001974       0x22 ./Core/Src/stm32wbxx_hal_msp.o
 .text.LL_AHB2_GRP1_EnableClock
                0x08001996       0x32 ./Core/Src/stm32wbxx_hal_msp.o
 .text.LL_AHB3_GRP1_EnableClock
                0x080019c8       0x32 ./Core/Src/stm32wbxx_hal_msp.o
 .text.LL_APB1_GRP1_EnableClock
                0x080019fa       0x32 ./Core/Src/stm32wbxx_hal_msp.o
 .text.LL_APB2_GRP1_EnableClock
                0x08001a2c       0x32 ./Core/Src/stm32wbxx_hal_msp.o
 .text.HAL_MspInit
                0x08001a5e       0x20 ./Core/Src/stm32wbxx_hal_msp.o
                0x08001a5e                HAL_MspInit
 *fill*         0x08001a7e        0x2 
 .text.HAL_IPCC_MspInit
                0x08001a80       0x48 ./Core/Src/stm32wbxx_hal_msp.o
                0x08001a80                HAL_IPCC_MspInit
 .text.HAL_RTC_MspInit
                0x08001ac8       0x58 ./Core/Src/stm32wbxx_hal_msp.o
                0x08001ac8                HAL_RTC_MspInit
 .text.HAL_UART_MspInit
                0x08001b20      0x150 ./Core/Src/stm32wbxx_hal_msp.o
                0x08001b20                HAL_UART_MspInit
 .text.NMI_Handler
                0x08001c70        0x8 ./Core/Src/stm32wbxx_it.o
                0x08001c70                NMI_Handler
 .text.HardFault_Handler
                0x08001c78        0x8 ./Core/Src/stm32wbxx_it.o
                0x08001c78                HardFault_Handler
 .text.MemManage_Handler
                0x08001c80        0x8 ./Core/Src/stm32wbxx_it.o
                0x08001c80                MemManage_Handler
 .text.BusFault_Handler
                0x08001c88        0x8 ./Core/Src/stm32wbxx_it.o
                0x08001c88                BusFault_Handler
 .text.UsageFault_Handler
                0x08001c90        0x8 ./Core/Src/stm32wbxx_it.o
                0x08001c90                UsageFault_Handler
 .text.SVC_Handler
                0x08001c98        0xe ./Core/Src/stm32wbxx_it.o
                0x08001c98                SVC_Handler
 .text.DebugMon_Handler
                0x08001ca6        0xe ./Core/Src/stm32wbxx_it.o
                0x08001ca6                DebugMon_Handler
 .text.PendSV_Handler
                0x08001cb4        0xe ./Core/Src/stm32wbxx_it.o
                0x08001cb4                PendSV_Handler
 .text.SysTick_Handler
                0x08001cc2        0xc ./Core/Src/stm32wbxx_it.o
                0x08001cc2                SysTick_Handler
 *fill*         0x08001cce        0x2 
 .text.DMA1_Channel1_IRQHandler
                0x08001cd0       0x14 ./Core/Src/stm32wbxx_it.o
                0x08001cd0                DMA1_Channel1_IRQHandler
 .text.DMA1_Channel2_IRQHandler
                0x08001ce4       0x14 ./Core/Src/stm32wbxx_it.o
                0x08001ce4                DMA1_Channel2_IRQHandler
 .text.USART1_IRQHandler
                0x08001cf8       0x14 ./Core/Src/stm32wbxx_it.o
                0x08001cf8                USART1_IRQHandler
 .text.IPCC_C1_RX_IRQHandler
                0x08001d0c        0xc ./Core/Src/stm32wbxx_it.o
                0x08001d0c                IPCC_C1_RX_IRQHandler
 .text.IPCC_C1_TX_IRQHandler
                0x08001d18        0xc ./Core/Src/stm32wbxx_it.o
                0x08001d18                IPCC_C1_TX_IRQHandler
 .text.HSEM_IRQHandler
                0x08001d24        0xc ./Core/Src/stm32wbxx_it.o
                0x08001d24                HSEM_IRQHandler
 .text._read    0x08001d30       0x3a ./Core/Src/syscalls.o
                0x08001d30                _read
 .text._close   0x08001d6a       0x18 ./Core/Src/syscalls.o
                0x08001d6a                _close
 .text._fstat   0x08001d82       0x20 ./Core/Src/syscalls.o
                0x08001d82                _fstat
 .text._isatty  0x08001da2       0x16 ./Core/Src/syscalls.o
                0x08001da2                _isatty
 .text._lseek   0x08001db8       0x1a ./Core/Src/syscalls.o
                0x08001db8                _lseek
 *fill*         0x08001dd2        0x2 
 .text._sbrk    0x08001dd4       0x6c ./Core/Src/sysmem.o
                0x08001dd4                _sbrk
 .text.SystemInit
                0x08001e40       0xa4 ./Core/Src/system_stm32wbxx.o
                0x08001e40                SystemInit
 .text.data_initializers
                0x08001ee4       0x18 ./Core/Startup/startup_stm32wb55rgvx.o
 .text.Reset_Handler
                0x08001efc       0x58 ./Core/Startup/startup_stm32wb55rgvx.o
                0x08001efc                Reset_Handler
 .text.Default_Handler
                0x08001f54        0x2 ./Core/Startup/startup_stm32wb55rgvx.o
                0x08001f54                RTC_Alarm_IRQHandler
                0x08001f54                EXTI2_IRQHandler
                0x08001f54                TIM1_CC_IRQHandler
                0x08001f54                TSC_IRQHandler
                0x08001f54                USB_HP_IRQHandler
                0x08001f54                EXTI3_IRQHandler
                0x08001f54                LPTIM2_IRQHandler
                0x08001f54                I2C3_ER_IRQHandler
                0x08001f54                EXTI0_IRQHandler
                0x08001f54                FPU_IRQHandler
                0x08001f54                TIM1_UP_TIM16_IRQHandler
                0x08001f54                AES1_IRQHandler
                0x08001f54                SPI1_IRQHandler
                0x08001f54                PWR_SOTF_BLEACT_802ACT_RFPHASE_IRQHandler
                0x08001f54                DMA2_Channel2_IRQHandler
                0x08001f54                DMA1_Channel4_IRQHandler
                0x08001f54                ADC1_IRQHandler
                0x08001f54                PKA_IRQHandler
                0x08001f54                DMA1_Channel7_IRQHandler
                0x08001f54                LCD_IRQHandler
                0x08001f54                DMA2_Channel1_IRQHandler
                0x08001f54                QUADSPI_IRQHandler
                0x08001f54                I2C1_EV_IRQHandler
                0x08001f54                DMAMUX1_OVR_IRQHandler
                0x08001f54                DMA1_Channel6_IRQHandler
                0x08001f54                DMA2_Channel4_IRQHandler
                0x08001f54                RCC_IRQHandler
                0x08001f54                Default_Handler
                0x08001f54                DMA2_Channel7_IRQHandler
                0x08001f54                EXTI15_10_IRQHandler
                0x08001f54                C2SEV_PWR_C2H_IRQHandler
                0x08001f54                AES2_IRQHandler
                0x08001f54                I2C3_EV_IRQHandler
                0x08001f54                EXTI9_5_IRQHandler
                0x08001f54                RTC_WKUP_IRQHandler
                0x08001f54                PVD_PVM_IRQHandler
                0x08001f54                SPI2_IRQHandler
                0x08001f54                DMA2_Channel5_IRQHandler
                0x08001f54                CRS_IRQHandler
                0x08001f54                DMA1_Channel5_IRQHandler
                0x08001f54                USB_LP_IRQHandler
                0x08001f54                EXTI4_IRQHandler
                0x08001f54                RNG_IRQHandler
                0x08001f54                TIM1_TRG_COM_TIM17_IRQHandler
                0x08001f54                TAMP_STAMP_LSECSS_IRQHandler
                0x08001f54                DMA1_Channel3_IRQHandler
                0x08001f54                COMP_IRQHandler
                0x08001f54                WWDG_IRQHandler
                0x08001f54                LPUART1_IRQHandler
                0x08001f54                DMA2_Channel6_IRQHandler
                0x08001f54                TIM2_IRQHandler
                0x08001f54                TIM1_BRK_IRQHandler
                0x08001f54                EXTI1_IRQHandler
                0x08001f54                FLASH_IRQHandler
                0x08001f54                I2C1_ER_IRQHandler
                0x08001f54                LPTIM1_IRQHandler
                0x08001f54                SAI1_IRQHandler
                0x08001f54                DMA2_Channel3_IRQHandler
 *fill*         0x08001f56        0x2 
 .text.LL_DBGMCU_EnableDBGSleepMode
                0x08001f58       0x20 ./Drivers/STM32WBxx_HAL_Driver/Src/stm32wbxx_hal.o
 .text.LL_DBGMCU_EnableDBGStopMode
                0x08001f78       0x20 ./Drivers/STM32WBxx_HAL_Driver/Src/stm32wbxx_hal.o
 .text.HAL_Init
                0x08001f98       0x40 ./Drivers/STM32WBxx_HAL_Driver/Src/stm32wbxx_hal.o
                0x08001f98                HAL_Init
 .text.HAL_InitTick
                0x08001fd8       0x74 ./Drivers/STM32WBxx_HAL_Driver/Src/stm32wbxx_hal.o
                0x08001fd8                HAL_InitTick
 .text.HAL_IncTick
                0x0800204c       0x28 ./Drivers/STM32WBxx_HAL_Driver/Src/stm32wbxx_hal.o
                0x0800204c                HAL_IncTick
 .text.HAL_GetTick
                0x08002074       0x18 ./Drivers/STM32WBxx_HAL_Driver/Src/stm32wbxx_hal.o
                0x08002074                HAL_GetTick
 .text.HAL_GetTickPrio
                0x0800208c       0x18 ./Drivers/STM32WBxx_HAL_Driver/Src/stm32wbxx_hal.o
                0x0800208c                HAL_GetTickPrio
 .text.HAL_DBGMCU_EnableDBGSleepMode
                0x080020a4        0xc ./Drivers/STM32WBxx_HAL_Driver/Src/stm32wbxx_hal.o
                0x080020a4                HAL_DBGMCU_EnableDBGSleepMode
 .text.HAL_DBGMCU_EnableDBGStopMode
                0x080020b0        0xc ./Drivers/STM32WBxx_HAL_Driver/Src/stm32wbxx_hal.o
                0x080020b0                HAL_DBGMCU_EnableDBGStopMode
 .text.__NVIC_SetPriorityGrouping
                0x080020bc       0x48 ./Drivers/STM32WBxx_HAL_Driver/Src/stm32wbxx_hal_cortex.o
 .text.__NVIC_GetPriorityGrouping
                0x08002104       0x1c ./Drivers/STM32WBxx_HAL_Driver/Src/stm32wbxx_hal_cortex.o
 .text.__NVIC_EnableIRQ
                0x08002120       0x3c ./Drivers/STM32WBxx_HAL_Driver/Src/stm32wbxx_hal_cortex.o
 .text.__NVIC_SetPendingIRQ
                0x0800215c       0x3c ./Drivers/STM32WBxx_HAL_Driver/Src/stm32wbxx_hal_cortex.o
 .text.__NVIC_ClearPendingIRQ
                0x08002198       0x3c ./Drivers/STM32WBxx_HAL_Driver/Src/stm32wbxx_hal_cortex.o
 .text.__NVIC_SetPriority
                0x080021d4       0x54 ./Drivers/STM32WBxx_HAL_Driver/Src/stm32wbxx_hal_cortex.o
 .text.NVIC_EncodePriority
                0x08002228       0x66 ./Drivers/STM32WBxx_HAL_Driver/Src/stm32wbxx_hal_cortex.o
 *fill*         0x0800228e        0x2 
 .text.SysTick_Config
                0x08002290       0x44 ./Drivers/STM32WBxx_HAL_Driver/Src/stm32wbxx_hal_cortex.o
 .text.HAL_NVIC_SetPriorityGrouping
                0x080022d4       0x16 ./Drivers/STM32WBxx_HAL_Driver/Src/stm32wbxx_hal_cortex.o
                0x080022d4                HAL_NVIC_SetPriorityGrouping
 .text.HAL_NVIC_SetPriority
                0x080022ea       0x34 ./Drivers/STM32WBxx_HAL_Driver/Src/stm32wbxx_hal_cortex.o
                0x080022ea                HAL_NVIC_SetPriority
 .text.HAL_NVIC_EnableIRQ
                0x0800231e       0x1c ./Drivers/STM32WBxx_HAL_Driver/Src/stm32wbxx_hal_cortex.o
                0x0800231e                HAL_NVIC_EnableIRQ
 .text.HAL_SYSTICK_Config
                0x0800233a       0x18 ./Drivers/STM32WBxx_HAL_Driver/Src/stm32wbxx_hal_cortex.o
                0x0800233a                HAL_SYSTICK_Config
 .text.HAL_NVIC_SetPendingIRQ
                0x08002352       0x1c ./Drivers/STM32WBxx_HAL_Driver/Src/stm32wbxx_hal_cortex.o
                0x08002352                HAL_NVIC_SetPendingIRQ
 .text.HAL_NVIC_ClearPendingIRQ
                0x0800236e       0x1c ./Drivers/STM32WBxx_HAL_Driver/Src/stm32wbxx_hal_cortex.o
                0x0800236e                HAL_NVIC_ClearPendingIRQ
 *fill*         0x0800238a        0x2 
 .text.HAL_DMA_Init
                0x0800238c      0x150 ./Drivers/STM32WBxx_HAL_Driver/Src/stm32wbxx_hal_dma.o
                0x0800238c                HAL_DMA_Init
 .text.HAL_DMA_Start_IT
                0x080024dc       0xf6 ./Drivers/STM32WBxx_HAL_Driver/Src/stm32wbxx_hal_dma.o
                0x080024dc                HAL_DMA_Start_IT
 .text.HAL_DMA_Abort
                0x080025d2       0xbe ./Drivers/STM32WBxx_HAL_Driver/Src/stm32wbxx_hal_dma.o
                0x080025d2                HAL_DMA_Abort
 .text.HAL_DMA_Abort_IT
                0x08002690       0xbe ./Drivers/STM32WBxx_HAL_Driver/Src/stm32wbxx_hal_dma.o
                0x08002690                HAL_DMA_Abort_IT
 .text.HAL_DMA_IRQHandler
                0x0800274e      0x15e ./Drivers/STM32WBxx_HAL_Driver/Src/stm32wbxx_hal_dma.o
                0x0800274e                HAL_DMA_IRQHandler
 .text.DMA_SetConfig
                0x080028ac       0x7c ./Drivers/STM32WBxx_HAL_Driver/Src/stm32wbxx_hal_dma.o
 .text.DMA_CalcDMAMUXChannelBaseAndMask
                0x08002928       0x7c ./Drivers/STM32WBxx_HAL_Driver/Src/stm32wbxx_hal_dma.o
 .text.DMA_CalcDMAMUXRequestGenBaseAndMask
                0x080029a4       0x4c ./Drivers/STM32WBxx_HAL_Driver/Src/stm32wbxx_hal_dma.o
 .text.HAL_GPIO_Init
                0x080029f0      0x2e0 ./Drivers/STM32WBxx_HAL_Driver/Src/stm32wbxx_hal_gpio.o
                0x080029f0                HAL_GPIO_Init
 .text.HAL_GPIO_WritePin
                0x08002cd0       0x30 ./Drivers/STM32WBxx_HAL_Driver/Src/stm32wbxx_hal_gpio.o
                0x08002cd0                HAL_GPIO_WritePin
 .text.HAL_HSEM_IRQHandler
                0x08002d00       0x34 ./Drivers/STM32WBxx_HAL_Driver/Src/stm32wbxx_hal_hsem.o
                0x08002d00                HAL_HSEM_IRQHandler
 .text.HAL_HSEM_FreeCallback
                0x08002d34       0x14 ./Drivers/STM32WBxx_HAL_Driver/Src/stm32wbxx_hal_hsem.o
                0x08002d34                HAL_HSEM_FreeCallback
 .text.HAL_IPCC_Init
                0x08002d48       0x64 ./Drivers/STM32WBxx_HAL_Driver/Src/stm32wbxx_hal_ipcc.o
                0x08002d48                HAL_IPCC_Init
 .text.HAL_IPCC_RxCallback
                0x08002dac       0x1a ./Drivers/STM32WBxx_HAL_Driver/Src/stm32wbxx_hal_ipcc.o
                0x08002dac                HAL_IPCC_RxCallback
 .text.HAL_IPCC_TxCallback
                0x08002dc6       0x1a ./Drivers/STM32WBxx_HAL_Driver/Src/stm32wbxx_hal_ipcc.o
                0x08002dc6                HAL_IPCC_TxCallback
 .text.IPCC_SetDefaultCallbacks
                0x08002de0       0x4c ./Drivers/STM32WBxx_HAL_Driver/Src/stm32wbxx_hal_ipcc.o
                0x08002de0                IPCC_SetDefaultCallbacks
 .text.IPCC_Reset_Register
                0x08002e2c       0x28 ./Drivers/STM32WBxx_HAL_Driver/Src/stm32wbxx_hal_ipcc.o
                0x08002e2c                IPCC_Reset_Register
 .text.HAL_PWR_EnableBkUpAccess
                0x08002e54       0x20 ./Drivers/STM32WBxx_HAL_Driver/Src/stm32wbxx_hal_pwr.o
                0x08002e54                HAL_PWR_EnableBkUpAccess
 .text.HAL_PWREx_GetVoltageRange
                0x08002e74       0x1c ./Drivers/STM32WBxx_HAL_Driver/Src/stm32wbxx_hal_pwr_ex.o
                0x08002e74                HAL_PWREx_GetVoltageRange
 .text.LL_RCC_HSE_IsEnabledDiv2
                0x08002e90       0x24 ./Drivers/STM32WBxx_HAL_Driver/Src/stm32wbxx_hal_rcc.o
 .text.LL_RCC_HSE_Enable
                0x08002eb4       0x1e ./Drivers/STM32WBxx_HAL_Driver/Src/stm32wbxx_hal_rcc.o
 .text.LL_RCC_HSE_Disable
                0x08002ed2       0x1e ./Drivers/STM32WBxx_HAL_Driver/Src/stm32wbxx_hal_rcc.o
 .text.LL_RCC_HSE_IsReady
                0x08002ef0       0x24 ./Drivers/STM32WBxx_HAL_Driver/Src/stm32wbxx_hal_rcc.o
 .text.LL_RCC_HSI_Enable
                0x08002f14       0x1e ./Drivers/STM32WBxx_HAL_Driver/Src/stm32wbxx_hal_rcc.o
 .text.LL_RCC_HSI_Disable
                0x08002f32       0x1e ./Drivers/STM32WBxx_HAL_Driver/Src/stm32wbxx_hal_rcc.o
 .text.LL_RCC_HSI_IsReady
                0x08002f50       0x24 ./Drivers/STM32WBxx_HAL_Driver/Src/stm32wbxx_hal_rcc.o
 .text.LL_RCC_HSI_SetCalibTrimming
                0x08002f74       0x2a ./Drivers/STM32WBxx_HAL_Driver/Src/stm32wbxx_hal_rcc.o
 .text.LL_RCC_HSI48_Enable
                0x08002f9e       0x22 ./Drivers/STM32WBxx_HAL_Driver/Src/stm32wbxx_hal_rcc.o
 .text.LL_RCC_HSI48_Disable
                0x08002fc0       0x22 ./Drivers/STM32WBxx_HAL_Driver/Src/stm32wbxx_hal_rcc.o
 .text.LL_RCC_HSI48_IsReady
                0x08002fe2       0x24 ./Drivers/STM32WBxx_HAL_Driver/Src/stm32wbxx_hal_rcc.o
 .text.LL_RCC_LSE_Enable
                0x08003006       0x22 ./Drivers/STM32WBxx_HAL_Driver/Src/stm32wbxx_hal_rcc.o
 .text.LL_RCC_LSE_Disable
                0x08003028       0x22 ./Drivers/STM32WBxx_HAL_Driver/Src/stm32wbxx_hal_rcc.o
 .text.LL_RCC_LSE_EnableBypass
                0x0800304a       0x22 ./Drivers/STM32WBxx_HAL_Driver/Src/stm32wbxx_hal_rcc.o
 .text.LL_RCC_LSE_DisableBypass
                0x0800306c       0x22 ./Drivers/STM32WBxx_HAL_Driver/Src/stm32wbxx_hal_rcc.o
 .text.LL_RCC_LSE_IsReady
                0x0800308e       0x24 ./Drivers/STM32WBxx_HAL_Driver/Src/stm32wbxx_hal_rcc.o
 .text.LL_RCC_LSI1_Enable
                0x080030b2       0x22 ./Drivers/STM32WBxx_HAL_Driver/Src/stm32wbxx_hal_rcc.o
 .text.LL_RCC_LSI1_Disable
                0x080030d4       0x22 ./Drivers/STM32WBxx_HAL_Driver/Src/stm32wbxx_hal_rcc.o
 .text.LL_RCC_LSI1_IsReady
                0x080030f6       0x24 ./Drivers/STM32WBxx_HAL_Driver/Src/stm32wbxx_hal_rcc.o
 .text.LL_RCC_LSI2_Enable
                0x0800311a       0x22 ./Drivers/STM32WBxx_HAL_Driver/Src/stm32wbxx_hal_rcc.o
 .text.LL_RCC_LSI2_Disable
                0x0800313c       0x22 ./Drivers/STM32WBxx_HAL_Driver/Src/stm32wbxx_hal_rcc.o
 .text.LL_RCC_LSI2_IsReady
                0x0800315e       0x24 ./Drivers/STM32WBxx_HAL_Driver/Src/stm32wbxx_hal_rcc.o
 .text.LL_RCC_LSI2_SetTrimming
                0x08003182       0x2e ./Drivers/STM32WBxx_HAL_Driver/Src/stm32wbxx_hal_rcc.o
 .text.LL_RCC_MSI_Enable
                0x080031b0       0x1e ./Drivers/STM32WBxx_HAL_Driver/Src/stm32wbxx_hal_rcc.o
 .text.LL_RCC_MSI_Disable
                0x080031ce       0x1e ./Drivers/STM32WBxx_HAL_Driver/Src/stm32wbxx_hal_rcc.o
 .text.LL_RCC_MSI_IsReady
                0x080031ec       0x22 ./Drivers/STM32WBxx_HAL_Driver/Src/stm32wbxx_hal_rcc.o
 .text.LL_RCC_MSI_SetRange
                0x0800320e       0x28 ./Drivers/STM32WBxx_HAL_Driver/Src/stm32wbxx_hal_rcc.o
 .text.LL_RCC_MSI_GetRange
                0x08003236       0x2a ./Drivers/STM32WBxx_HAL_Driver/Src/stm32wbxx_hal_rcc.o
 .text.LL_RCC_MSI_SetCalibTrimming
                0x08003260       0x2a ./Drivers/STM32WBxx_HAL_Driver/Src/stm32wbxx_hal_rcc.o
 .text.LL_RCC_SetSysClkSource
                0x0800328a       0x28 ./Drivers/STM32WBxx_HAL_Driver/Src/stm32wbxx_hal_rcc.o
 .text.LL_RCC_GetSysClkSource
                0x080032b2       0x18 ./Drivers/STM32WBxx_HAL_Driver/Src/stm32wbxx_hal_rcc.o
 .text.LL_RCC_SetAHBPrescaler
                0x080032ca       0x28 ./Drivers/STM32WBxx_HAL_Driver/Src/stm32wbxx_hal_rcc.o
 .text.LL_C2_RCC_SetAHBPrescaler
                0x080032f2       0x2c ./Drivers/STM32WBxx_HAL_Driver/Src/stm32wbxx_hal_rcc.o
 .text.LL_RCC_SetAHB4Prescaler
                0x0800331e       0x2e ./Drivers/STM32WBxx_HAL_Driver/Src/stm32wbxx_hal_rcc.o
 .text.LL_RCC_SetAPB1Prescaler
                0x0800334c       0x28 ./Drivers/STM32WBxx_HAL_Driver/Src/stm32wbxx_hal_rcc.o
 .text.LL_RCC_SetAPB2Prescaler
                0x08003374       0x28 ./Drivers/STM32WBxx_HAL_Driver/Src/stm32wbxx_hal_rcc.o
 .text.LL_RCC_GetAHBPrescaler
                0x0800339c       0x18 ./Drivers/STM32WBxx_HAL_Driver/Src/stm32wbxx_hal_rcc.o
 .text.LL_RCC_GetAHB4Prescaler
                0x080033b4       0x1c ./Drivers/STM32WBxx_HAL_Driver/Src/stm32wbxx_hal_rcc.o
 .text.LL_RCC_GetAPB1Prescaler
                0x080033d0       0x18 ./Drivers/STM32WBxx_HAL_Driver/Src/stm32wbxx_hal_rcc.o
 .text.LL_RCC_GetAPB2Prescaler
                0x080033e8       0x18 ./Drivers/STM32WBxx_HAL_Driver/Src/stm32wbxx_hal_rcc.o
 .text.LL_RCC_PLL_Enable
                0x08003400       0x1e ./Drivers/STM32WBxx_HAL_Driver/Src/stm32wbxx_hal_rcc.o
 .text.LL_RCC_PLL_Disable
                0x0800341e       0x1e ./Drivers/STM32WBxx_HAL_Driver/Src/stm32wbxx_hal_rcc.o
 .text.LL_RCC_PLL_IsReady
                0x0800343c       0x24 ./Drivers/STM32WBxx_HAL_Driver/Src/stm32wbxx_hal_rcc.o
 .text.LL_RCC_PLL_GetN
                0x08003460       0x1a ./Drivers/STM32WBxx_HAL_Driver/Src/stm32wbxx_hal_rcc.o
 .text.LL_RCC_PLL_GetR
                0x0800347a       0x18 ./Drivers/STM32WBxx_HAL_Driver/Src/stm32wbxx_hal_rcc.o
 .text.LL_RCC_PLL_GetDivider
                0x08003492       0x18 ./Drivers/STM32WBxx_HAL_Driver/Src/stm32wbxx_hal_rcc.o
 .text.LL_RCC_PLL_GetMainSource
                0x080034aa       0x18 ./Drivers/STM32WBxx_HAL_Driver/Src/stm32wbxx_hal_rcc.o
 .text.LL_RCC_IsActiveFlag_HPRE
                0x080034c2       0x24 ./Drivers/STM32WBxx_HAL_Driver/Src/stm32wbxx_hal_rcc.o
 .text.LL_RCC_IsActiveFlag_C2HPRE
                0x080034e6       0x26 ./Drivers/STM32WBxx_HAL_Driver/Src/stm32wbxx_hal_rcc.o
 .text.LL_RCC_IsActiveFlag_SHDHPRE
                0x0800350c       0x26 ./Drivers/STM32WBxx_HAL_Driver/Src/stm32wbxx_hal_rcc.o
 .text.LL_RCC_IsActiveFlag_PPRE1
                0x08003532       0x24 ./Drivers/STM32WBxx_HAL_Driver/Src/stm32wbxx_hal_rcc.o
 .text.LL_RCC_IsActiveFlag_PPRE2
                0x08003556       0x24 ./Drivers/STM32WBxx_HAL_Driver/Src/stm32wbxx_hal_rcc.o
 *fill*         0x0800357a        0x2 
 .text.HAL_RCC_OscConfig
                0x0800357c      0x6e8 ./Drivers/STM32WBxx_HAL_Driver/Src/stm32wbxx_hal_rcc.o
                0x0800357c                HAL_RCC_OscConfig
 .text.HAL_RCC_ClockConfig
                0x08003c64      0x280 ./Drivers/STM32WBxx_HAL_Driver/Src/stm32wbxx_hal_rcc.o
                0x08003c64                HAL_RCC_ClockConfig
 .text.HAL_RCC_GetSysClockFreq
                0x08003ee4       0xd8 ./Drivers/STM32WBxx_HAL_Driver/Src/stm32wbxx_hal_rcc.o
                0x08003ee4                HAL_RCC_GetSysClockFreq
 .text.HAL_RCC_GetHCLKFreq
                0x08003fbc       0x28 ./Drivers/STM32WBxx_HAL_Driver/Src/stm32wbxx_hal_rcc.o
                0x08003fbc                HAL_RCC_GetHCLKFreq
 .text.HAL_RCC_GetPCLK1Freq
                0x08003fe4       0x2c ./Drivers/STM32WBxx_HAL_Driver/Src/stm32wbxx_hal_rcc.o
                0x08003fe4                HAL_RCC_GetPCLK1Freq
 .text.HAL_RCC_GetPCLK2Freq
                0x08004010       0x2c ./Drivers/STM32WBxx_HAL_Driver/Src/stm32wbxx_hal_rcc.o
                0x08004010                HAL_RCC_GetPCLK2Freq
 .text.RCC_SetFlashLatencyFromMSIRange
                0x0800403c       0x70 ./Drivers/STM32WBxx_HAL_Driver/Src/stm32wbxx_hal_rcc.o
 .text.RCC_SetFlashLatency
                0x080040ac       0xf8 ./Drivers/STM32WBxx_HAL_Driver/Src/stm32wbxx_hal_rcc.o
 .text.LL_RCC_LSE_IsEnabled
                0x080041a4       0x24 ./Drivers/STM32WBxx_HAL_Driver/Src/stm32wbxx_hal_rcc_ex.o
 .text.LL_RCC_LSE_IsReady
                0x080041c8       0x24 ./Drivers/STM32WBxx_HAL_Driver/Src/stm32wbxx_hal_rcc_ex.o
 .text.LL_RCC_SetRFWKPClockSource
                0x080041ec       0x2c ./Drivers/STM32WBxx_HAL_Driver/Src/stm32wbxx_hal_rcc_ex.o
 .text.LL_RCC_SetSMPSClockSource
                0x08004218       0x28 ./Drivers/STM32WBxx_HAL_Driver/Src/stm32wbxx_hal_rcc_ex.o
 .text.LL_RCC_SetSMPSPrescaler
                0x08004240       0x28 ./Drivers/STM32WBxx_HAL_Driver/Src/stm32wbxx_hal_rcc_ex.o
 .text.LL_RCC_SetUSARTClockSource
                0x08004268       0x2c ./Drivers/STM32WBxx_HAL_Driver/Src/stm32wbxx_hal_rcc_ex.o
 .text.LL_RCC_SetLPUARTClockSource
                0x08004294       0x2c ./Drivers/STM32WBxx_HAL_Driver/Src/stm32wbxx_hal_rcc_ex.o
 .text.LL_RCC_SetI2CClockSource
                0x080042c0       0x3a ./Drivers/STM32WBxx_HAL_Driver/Src/stm32wbxx_hal_rcc_ex.o
 .text.LL_RCC_SetLPTIMClockSource
                0x080042fa       0x34 ./Drivers/STM32WBxx_HAL_Driver/Src/stm32wbxx_hal_rcc_ex.o
 .text.LL_RCC_SetSAIClockSource
                0x0800432e       0x2c ./Drivers/STM32WBxx_HAL_Driver/Src/stm32wbxx_hal_rcc_ex.o
 .text.LL_RCC_SetRNGClockSource
                0x0800435a       0x2c ./Drivers/STM32WBxx_HAL_Driver/Src/stm32wbxx_hal_rcc_ex.o
 .text.LL_RCC_SetCLK48ClockSource
                0x08004386       0x2c ./Drivers/STM32WBxx_HAL_Driver/Src/stm32wbxx_hal_rcc_ex.o
 .text.LL_RCC_SetUSBClockSource
                0x080043b2       0x16 ./Drivers/STM32WBxx_HAL_Driver/Src/stm32wbxx_hal_rcc_ex.o
 .text.LL_RCC_SetADCClockSource
                0x080043c8       0x2c ./Drivers/STM32WBxx_HAL_Driver/Src/stm32wbxx_hal_rcc_ex.o
 .text.LL_RCC_SetRTCClockSource
                0x080043f4       0x2c ./Drivers/STM32WBxx_HAL_Driver/Src/stm32wbxx_hal_rcc_ex.o
 .text.LL_RCC_GetRTCClockSource
                0x08004420       0x1a ./Drivers/STM32WBxx_HAL_Driver/Src/stm32wbxx_hal_rcc_ex.o
 .text.LL_RCC_ForceBackupDomainReset
                0x0800443a       0x22 ./Drivers/STM32WBxx_HAL_Driver/Src/stm32wbxx_hal_rcc_ex.o
 .text.LL_RCC_ReleaseBackupDomainReset
                0x0800445c       0x22 ./Drivers/STM32WBxx_HAL_Driver/Src/stm32wbxx_hal_rcc_ex.o
 .text.LL_RCC_PLLSAI1_Enable
                0x0800447e       0x1e ./Drivers/STM32WBxx_HAL_Driver/Src/stm32wbxx_hal_rcc_ex.o
 .text.LL_RCC_PLLSAI1_Disable
                0x0800449c       0x1e ./Drivers/STM32WBxx_HAL_Driver/Src/stm32wbxx_hal_rcc_ex.o
 .text.LL_RCC_PLLSAI1_IsReady
                0x080044ba       0x24 ./Drivers/STM32WBxx_HAL_Driver/Src/stm32wbxx_hal_rcc_ex.o
 .text.HAL_RCCEx_PeriphCLKConfig
                0x080044de      0x2ec ./Drivers/STM32WBxx_HAL_Driver/Src/stm32wbxx_hal_rcc_ex.o
                0x080044de                HAL_RCCEx_PeriphCLKConfig
 .text.RCCEx_PLLSAI1_ConfigNP
                0x080047ca       0xb6 ./Drivers/STM32WBxx_HAL_Driver/Src/stm32wbxx_hal_rcc_ex.o
 .text.RCCEx_PLLSAI1_ConfigNQ
                0x08004880       0xb6 ./Drivers/STM32WBxx_HAL_Driver/Src/stm32wbxx_hal_rcc_ex.o
 .text.RCCEx_PLLSAI1_ConfigNR
                0x08004936       0xb6 ./Drivers/STM32WBxx_HAL_Driver/Src/stm32wbxx_hal_rcc_ex.o
 .text.HAL_RTC_Init
                0x080049ec      0x160 ./Drivers/STM32WBxx_HAL_Driver/Src/stm32wbxx_hal_rtc.o
                0x080049ec                HAL_RTC_Init
 .text.HAL_RTC_WaitForSynchro
                0x08004b4c       0x4c ./Drivers/STM32WBxx_HAL_Driver/Src/stm32wbxx_hal_rtc.o
                0x08004b4c                HAL_RTC_WaitForSynchro
 .text.RTC_EnterInitMode
                0x08004b98       0x54 ./Drivers/STM32WBxx_HAL_Driver/Src/stm32wbxx_hal_rtc.o
                0x08004b98                RTC_EnterInitMode
 .text.HAL_RTCEx_SetWakeUpTimer
                0x08004bec      0x136 ./Drivers/STM32WBxx_HAL_Driver/Src/stm32wbxx_hal_rtc_ex.o
                0x08004bec                HAL_RTCEx_SetWakeUpTimer
 .text.LL_RCC_GetUSARTClockSource
                0x08004d22       0x20 ./Drivers/STM32WBxx_HAL_Driver/Src/stm32wbxx_hal_uart.o
 .text.LL_RCC_GetLPUARTClockSource
                0x08004d42       0x20 ./Drivers/STM32WBxx_HAL_Driver/Src/stm32wbxx_hal_uart.o
 .text.HAL_UART_Init
                0x08004d62       0xa0 ./Drivers/STM32WBxx_HAL_Driver/Src/stm32wbxx_hal_uart.o
                0x08004d62                HAL_UART_Init
 *fill*         0x08004e02        0x2 
 .text.HAL_UART_Transmit_DMA
                0x08004e04      0x100 ./Drivers/STM32WBxx_HAL_Driver/Src/stm32wbxx_hal_uart.o
                0x08004e04                HAL_UART_Transmit_DMA
 .text.HAL_UART_IRQHandler
                0x08004f04      0x684 ./Drivers/STM32WBxx_HAL_Driver/Src/stm32wbxx_hal_uart.o
                0x08004f04                HAL_UART_IRQHandler
 .text.HAL_UART_TxHalfCpltCallback
                0x08005588       0x14 ./Drivers/STM32WBxx_HAL_Driver/Src/stm32wbxx_hal_uart.o
                0x08005588                HAL_UART_TxHalfCpltCallback
 .text.HAL_UART_ErrorCallback
                0x0800559c       0x14 ./Drivers/STM32WBxx_HAL_Driver/Src/stm32wbxx_hal_uart.o
                0x0800559c                HAL_UART_ErrorCallback
 .text.HAL_UARTEx_RxEventCallback
                0x080055b0       0x18 ./Drivers/STM32WBxx_HAL_Driver/Src/stm32wbxx_hal_uart.o
                0x080055b0                HAL_UARTEx_RxEventCallback
 .text.UART_SetConfig
                0x080055c8      0x450 ./Drivers/STM32WBxx_HAL_Driver/Src/stm32wbxx_hal_uart.o
                0x080055c8                UART_SetConfig
 .text.UART_AdvFeatureConfig
                0x08005a18      0x144 ./Drivers/STM32WBxx_HAL_Driver/Src/stm32wbxx_hal_uart.o
                0x08005a18                UART_AdvFeatureConfig
 .text.UART_CheckIdleState
                0x08005b5c      0x154 ./Drivers/STM32WBxx_HAL_Driver/Src/stm32wbxx_hal_uart.o
                0x08005b5c                UART_CheckIdleState
 .text.UART_WaitOnFlagUntilTimeout
                0x08005cb0       0xda ./Drivers/STM32WBxx_HAL_Driver/Src/stm32wbxx_hal_uart.o
                0x08005cb0                UART_WaitOnFlagUntilTimeout
 .text.UART_EndTxTransfer
                0x08005d8a       0x82 ./Drivers/STM32WBxx_HAL_Driver/Src/stm32wbxx_hal_uart.o
 .text.UART_EndRxTransfer
                0x08005e0c       0xcc ./Drivers/STM32WBxx_HAL_Driver/Src/stm32wbxx_hal_uart.o
 .text.UART_DMATransmitCplt
                0x08005ed8       0x9a ./Drivers/STM32WBxx_HAL_Driver/Src/stm32wbxx_hal_uart.o
 .text.UART_DMATxHalfCplt
                0x08005f72       0x1c ./Drivers/STM32WBxx_HAL_Driver/Src/stm32wbxx_hal_uart.o
 .text.UART_DMAError
                0x08005f8e       0x80 ./Drivers/STM32WBxx_HAL_Driver/Src/stm32wbxx_hal_uart.o
 .text.UART_DMAAbortOnError
                0x0800600e       0x24 ./Drivers/STM32WBxx_HAL_Driver/Src/stm32wbxx_hal_uart.o
 .text.UART_EndTransmit_IT
                0x08006032       0x56 ./Drivers/STM32WBxx_HAL_Driver/Src/stm32wbxx_hal_uart.o
 .text.HAL_UARTEx_WakeupCallback
                0x08006088       0x14 ./Drivers/STM32WBxx_HAL_Driver/Src/stm32wbxx_hal_uart_ex.o
                0x08006088                HAL_UARTEx_WakeupCallback
 .text.HAL_UARTEx_RxFifoFullCallback
                0x0800609c       0x14 ./Drivers/STM32WBxx_HAL_Driver/Src/stm32wbxx_hal_uart_ex.o
                0x0800609c                HAL_UARTEx_RxFifoFullCallback
 .text.HAL_UARTEx_TxFifoEmptyCallback
                0x080060b0       0x14 ./Drivers/STM32WBxx_HAL_Driver/Src/stm32wbxx_hal_uart_ex.o
                0x080060b0                HAL_UARTEx_TxFifoEmptyCallback
 .text.HAL_UARTEx_DisableFifoMode
                0x080060c4       0x72 ./Drivers/STM32WBxx_HAL_Driver/Src/stm32wbxx_hal_uart_ex.o
                0x080060c4                HAL_UARTEx_DisableFifoMode
 .text.HAL_UARTEx_SetTxFifoThreshold
                0x08006136       0x7c ./Drivers/STM32WBxx_HAL_Driver/Src/stm32wbxx_hal_uart_ex.o
                0x08006136                HAL_UARTEx_SetTxFifoThreshold
 .text.HAL_UARTEx_SetRxFifoThreshold
                0x080061b2       0x7c ./Drivers/STM32WBxx_HAL_Driver/Src/stm32wbxx_hal_uart_ex.o
                0x080061b2                HAL_UARTEx_SetRxFifoThreshold
 *fill*         0x0800622e        0x2 
 .text.UARTEx_SetNbDataToProcess
                0x08006230       0x9c ./Drivers/STM32WBxx_HAL_Driver/Src/stm32wbxx_hal_uart_ex.o
 .text.aci_gap_set_non_discoverable
                0x080062cc       0x48 ./Middlewares/ST/STM32_WPAN/ble/core/auto/ble_gap_aci.o
                0x080062cc                aci_gap_set_non_discoverable
 .text.aci_gap_set_discoverable
                0x08006314      0x1f4 ./Middlewares/ST/STM32_WPAN/ble/core/auto/ble_gap_aci.o
                0x08006314                aci_gap_set_discoverable
 .text.aci_gap_set_io_capability
                0x08006508       0xa8 ./Middlewares/ST/STM32_WPAN/ble/core/auto/ble_gap_aci.o
                0x08006508                aci_gap_set_io_capability
 .text.aci_gap_set_authentication_requirement
                0x080065b0      0x188 ./Middlewares/ST/STM32_WPAN/ble/core/auto/ble_gap_aci.o
                0x080065b0                aci_gap_set_authentication_requirement
 .text.aci_gap_pass_key_resp
                0x08006738       0xce ./Middlewares/ST/STM32_WPAN/ble/core/auto/ble_gap_aci.o
                0x08006738                aci_gap_pass_key_resp
 .text.aci_gap_init
                0x08006806      0x15a ./Middlewares/ST/STM32_WPAN/ble/core/auto/ble_gap_aci.o
                0x08006806                aci_gap_init
 .text.aci_gap_update_adv_data
                0x08006960       0xe4 ./Middlewares/ST/STM32_WPAN/ble/core/auto/ble_gap_aci.o
                0x08006960                aci_gap_update_adv_data
 .text.aci_gap_configure_filter_accept_list
                0x08006a44       0x48 ./Middlewares/ST/STM32_WPAN/ble/core/auto/ble_gap_aci.o
                0x08006a44                aci_gap_configure_filter_accept_list
 .text.aci_gap_numeric_comparison_value_confirm_yesno
                0x08006a8c       0xce ./Middlewares/ST/STM32_WPAN/ble/core/auto/ble_gap_aci.o
                0x08006a8c                aci_gap_numeric_comparison_value_confirm_yesno
 .text.aci_gatt_init
                0x08006b5a       0x4a ./Middlewares/ST/STM32_WPAN/ble/core/auto/ble_gatt_aci.o
                0x08006b5a                aci_gatt_init
 .text.aci_gatt_add_service
                0x08006ba4      0x1ac ./Middlewares/ST/STM32_WPAN/ble/core/auto/ble_gatt_aci.o
                0x08006ba4                aci_gatt_add_service
 .text.aci_gatt_add_char
                0x08006d50      0x210 ./Middlewares/ST/STM32_WPAN/ble/core/auto/ble_gatt_aci.o
                0x08006d50                aci_gatt_add_char
 .text.aci_gatt_update_char_value
                0x08006f60      0x152 ./Middlewares/ST/STM32_WPAN/ble/core/auto/ble_gatt_aci.o
                0x08006f60                aci_gatt_update_char_value
 .text.aci_gatt_confirm_indication
                0x080070b2       0xaa ./Middlewares/ST/STM32_WPAN/ble/core/auto/ble_gatt_aci.o
                0x080070b2                aci_gatt_confirm_indication
 .text.aci_hal_write_config_data
                0x0800715c      0x10a ./Middlewares/ST/STM32_WPAN/ble/core/auto/ble_hal_aci.o
                0x0800715c                aci_hal_write_config_data
 .text.aci_hal_set_tx_power_level
                0x08007266       0xce ./Middlewares/ST/STM32_WPAN/ble/core/auto/ble_hal_aci.o
                0x08007266                aci_hal_set_tx_power_level
 .text.aci_hal_set_radio_activity_mask
                0x08007334       0xa8 ./Middlewares/ST/STM32_WPAN/ble/core/auto/ble_hal_aci.o
                0x08007334                aci_hal_set_radio_activity_mask
 .text.hci_reset
                0x080073dc       0x48 ./Middlewares/ST/STM32_WPAN/ble/core/auto/ble_hci_le.o
                0x080073dc                hci_reset
 .text.hci_le_set_default_phy
                0x08007424       0xfa ./Middlewares/ST/STM32_WPAN/ble/core/auto/ble_hci_le.o
                0x08007424                hci_le_set_default_phy
 .text.Osal_MemCpy
                0x0800751e       0x20 ./Middlewares/ST/STM32_WPAN/ble/core/template/osal.o
                0x0800751e                Osal_MemCpy
 .text.Osal_MemSet
                0x0800753e       0x20 ./Middlewares/ST/STM32_WPAN/ble/core/template/osal.o
                0x0800753e                Osal_MemSet
 .text.BAS_Init
                0x0800755e        0xe ./Middlewares/ST/STM32_WPAN/ble/svc/Src/svc_ctl.o
                0x0800755e                BAS_Init
 .text.BLS_Init
                0x0800756c        0xe ./Middlewares/ST/STM32_WPAN/ble/svc/Src/svc_ctl.o
                0x0800756c                BLS_Init
 .text.CRS_STM_Init
                0x0800757a        0xe ./Middlewares/ST/STM32_WPAN/ble/svc/Src/svc_ctl.o
                0x0800757a                CRS_STM_Init
 .text.DIS_Init
                0x08007588        0xe ./Middlewares/ST/STM32_WPAN/ble/svc/Src/svc_ctl.o
                0x08007588                DIS_Init
 .text.EDS_STM_Init
                0x08007596        0xe ./Middlewares/ST/STM32_WPAN/ble/svc/Src/svc_ctl.o
                0x08007596                EDS_STM_Init
 .text.HIDS_Init
                0x080075a4        0xe ./Middlewares/ST/STM32_WPAN/ble/svc/Src/svc_ctl.o
                0x080075a4                HIDS_Init
 .text.HRS_Init
                0x080075b2        0xe ./Middlewares/ST/STM32_WPAN/ble/svc/Src/svc_ctl.o
                0x080075b2                HRS_Init
 .text.HTS_Init
                0x080075c0        0xe ./Middlewares/ST/STM32_WPAN/ble/svc/Src/svc_ctl.o
                0x080075c0                HTS_Init
 .text.IAS_Init
                0x080075ce        0xe ./Middlewares/ST/STM32_WPAN/ble/svc/Src/svc_ctl.o
                0x080075ce                IAS_Init
 .text.LLS_Init
                0x080075dc        0xe ./Middlewares/ST/STM32_WPAN/ble/svc/Src/svc_ctl.o
                0x080075dc                LLS_Init
 .text.TPS_Init
                0x080075ea        0xe ./Middlewares/ST/STM32_WPAN/ble/svc/Src/svc_ctl.o
                0x080075ea                TPS_Init
 .text.MOTENV_STM_Init
                0x080075f8        0xe ./Middlewares/ST/STM32_WPAN/ble/svc/Src/svc_ctl.o
                0x080075f8                MOTENV_STM_Init
 .text.P2PS_STM_Init
                0x08007606        0xe ./Middlewares/ST/STM32_WPAN/ble/svc/Src/svc_ctl.o
                0x08007606                P2PS_STM_Init
 .text.ZDD_STM_Init
                0x08007614        0xe ./Middlewares/ST/STM32_WPAN/ble/svc/Src/svc_ctl.o
                0x08007614                ZDD_STM_Init
 .text.OTAS_STM_Init
                0x08007622        0xe ./Middlewares/ST/STM32_WPAN/ble/svc/Src/svc_ctl.o
                0x08007622                OTAS_STM_Init
 .text.MESH_Init
                0x08007630        0xe ./Middlewares/ST/STM32_WPAN/ble/svc/Src/svc_ctl.o
                0x08007630                MESH_Init
 .text.BVOPUS_STM_Init
                0x0800763e        0xe ./Middlewares/ST/STM32_WPAN/ble/svc/Src/svc_ctl.o
                0x0800763e                BVOPUS_STM_Init
 .text.SVCCTL_Init
                0x0800764c       0x20 ./Middlewares/ST/STM32_WPAN/ble/svc/Src/svc_ctl.o
                0x0800764c                SVCCTL_Init
 .text.SVCCTL_SvcInit
                0x0800766c       0x50 ./Middlewares/ST/STM32_WPAN/ble/svc/Src/svc_ctl.o
                0x0800766c                SVCCTL_SvcInit
 .text.SVCCTL_RegisterSvcHandler
                0x080076bc       0x34 ./Middlewares/ST/STM32_WPAN/ble/svc/Src/svc_ctl.o
                0x080076bc                SVCCTL_RegisterSvcHandler
 .text.SVCCTL_UserEvtRx
                0x080076f0       0xa8 ./Middlewares/ST/STM32_WPAN/ble/svc/Src/svc_ctl.o
                0x080076f0                SVCCTL_UserEvtRx
 .text.SHCI_C2_BLE_Init
                0x08007798       0x2e ./Middlewares/ST/STM32_WPAN/interface/patterns/ble_thread/shci/shci.o
                0x08007798                SHCI_C2_BLE_Init
 .text.SHCI_C2_DEBUG_Init
                0x080077c6       0x2e ./Middlewares/ST/STM32_WPAN/interface/patterns/ble_thread/shci/shci.o
                0x080077c6                SHCI_C2_DEBUG_Init
 .text.SHCI_C2_Config
                0x080077f4       0x2a ./Middlewares/ST/STM32_WPAN/interface/patterns/ble_thread/shci/shci.o
                0x080077f4                SHCI_C2_Config
 *fill*         0x0800781e        0x2 
 .text.SHCI_GetWirelessFwInfo
                0x08007820      0x15c ./Middlewares/ST/STM32_WPAN/interface/patterns/ble_thread/shci/shci.o
                0x08007820                SHCI_GetWirelessFwInfo
 .text.hci_init
                0x0800797c       0x38 ./Middlewares/ST/STM32_WPAN/interface/patterns/ble_thread/tl/hci_tl.o
                0x0800797c                hci_init
 .text.hci_user_evt_proc
                0x080079b4       0x9c ./Middlewares/ST/STM32_WPAN/interface/patterns/ble_thread/tl/hci_tl.o
                0x080079b4                hci_user_evt_proc
 .text.hci_send_req
                0x08007a50      0x108 ./Middlewares/ST/STM32_WPAN/interface/patterns/ble_thread/tl/hci_tl.o
                0x08007a50                hci_send_req
 .text.TlInit   0x08007b58       0x60 ./Middlewares/ST/STM32_WPAN/interface/patterns/ble_thread/tl/hci_tl.o
 .text.SendCmd  0x08007bb8       0x4c ./Middlewares/ST/STM32_WPAN/interface/patterns/ble_thread/tl/hci_tl.o
 .text.NotifyCmdStatus
                0x08007c04       0x40 ./Middlewares/ST/STM32_WPAN/interface/patterns/ble_thread/tl/hci_tl.o
 .text.TlEvtReceived
                0x08007c44       0x48 ./Middlewares/ST/STM32_WPAN/interface/patterns/ble_thread/tl/hci_tl.o
 .text.hci_register_io_bus
                0x08007c8c       0x28 ./Middlewares/ST/STM32_WPAN/interface/patterns/ble_thread/tl/hci_tl_if.o
                0x08007c8c                hci_register_io_bus
 .text.shci_init
                0x08007cb4       0x38 ./Middlewares/ST/STM32_WPAN/interface/patterns/ble_thread/tl/shci_tl.o
                0x08007cb4                shci_init
 .text.shci_user_evt_proc
                0x08007cec       0x9c ./Middlewares/ST/STM32_WPAN/interface/patterns/ble_thread/tl/shci_tl.o
                0x08007cec                shci_user_evt_proc
 .text.shci_send
                0x08007d88       0x84 ./Middlewares/ST/STM32_WPAN/interface/patterns/ble_thread/tl/shci_tl.o
                0x08007d88                shci_send
 .text.TlInit   0x08007e0c       0x64 ./Middlewares/ST/STM32_WPAN/interface/patterns/ble_thread/tl/shci_tl.o
 .text.Cmd_SetStatus
                0x08007e70       0x50 ./Middlewares/ST/STM32_WPAN/interface/patterns/ble_thread/tl/shci_tl.o
 .text.TlCmdEvtReceived
                0x08007ec0       0x16 ./Middlewares/ST/STM32_WPAN/interface/patterns/ble_thread/tl/shci_tl.o
 *fill*         0x08007ed6        0x2 
 .text.TlUserEvtReceived
                0x08007ed8       0x24 ./Middlewares/ST/STM32_WPAN/interface/patterns/ble_thread/tl/shci_tl.o
 .text.shci_register_io_bus
                0x08007efc       0x28 ./Middlewares/ST/STM32_WPAN/interface/patterns/ble_thread/tl/shci_tl_if.o
                0x08007efc                shci_register_io_bus
 .text.TL_Enable
                0x08007f24        0xc ./Middlewares/ST/STM32_WPAN/interface/patterns/ble_thread/tl/tl_mbox.o
                0x08007f24                TL_Enable
 .text.TL_Init  0x08007f30       0x74 ./Middlewares/ST/STM32_WPAN/interface/patterns/ble_thread/tl/tl_mbox.o
                0x08007f30                TL_Init
 .text.TL_BLE_Init
                0x08007fa4       0x68 ./Middlewares/ST/STM32_WPAN/interface/patterns/ble_thread/tl/tl_mbox.o
                0x08007fa4                TL_BLE_Init
 .text.TL_BLE_SendCmd
                0x0800800c       0x38 ./Middlewares/ST/STM32_WPAN/interface/patterns/ble_thread/tl/tl_mbox.o
                0x0800800c                TL_BLE_SendCmd
 .text.HW_IPCC_BLE_RxEvtNot
                0x08008044       0x60 ./Middlewares/ST/STM32_WPAN/interface/patterns/ble_thread/tl/tl_mbox.o
                0x08008044                HW_IPCC_BLE_RxEvtNot
 .text.HW_IPCC_BLE_AclDataAckNot
                0x080080a4       0x14 ./Middlewares/ST/STM32_WPAN/interface/patterns/ble_thread/tl/tl_mbox.o
                0x080080a4                HW_IPCC_BLE_AclDataAckNot
 .text.TL_SYS_Init
                0x080080b8       0x54 ./Middlewares/ST/STM32_WPAN/interface/patterns/ble_thread/tl/tl_mbox.o
                0x080080b8                TL_SYS_Init
 .text.TL_SYS_SendCmd
                0x0800810c       0x38 ./Middlewares/ST/STM32_WPAN/interface/patterns/ble_thread/tl/tl_mbox.o
                0x0800810c                TL_SYS_SendCmd
 .text.HW_IPCC_SYS_CmdEvtNot
                0x08008144       0x2c ./Middlewares/ST/STM32_WPAN/interface/patterns/ble_thread/tl/tl_mbox.o
                0x08008144                HW_IPCC_SYS_CmdEvtNot
 .text.HW_IPCC_SYS_EvtNot
                0x08008170       0x44 ./Middlewares/ST/STM32_WPAN/interface/patterns/ble_thread/tl/tl_mbox.o
                0x08008170                HW_IPCC_SYS_EvtNot
 .text.TL_MM_Init
                0x080081b4       0x78 ./Middlewares/ST/STM32_WPAN/interface/patterns/ble_thread/tl/tl_mbox.o
                0x080081b4                TL_MM_Init
 .text.TL_MM_EvtDone
                0x0800822c       0x30 ./Middlewares/ST/STM32_WPAN/interface/patterns/ble_thread/tl/tl_mbox.o
                0x0800822c                TL_MM_EvtDone
 .text.SendFreeBuf
                0x0800825c       0x40 ./Middlewares/ST/STM32_WPAN/interface/patterns/ble_thread/tl/tl_mbox.o
 .text.TL_TRACES_Init
                0x0800829c       0x24 ./Middlewares/ST/STM32_WPAN/interface/patterns/ble_thread/tl/tl_mbox.o
                0x0800829c                TL_TRACES_Init
 .text.HW_IPCC_TRACES_EvtNot
                0x080082c0       0x34 ./Middlewares/ST/STM32_WPAN/interface/patterns/ble_thread/tl/tl_mbox.o
                0x080082c0                HW_IPCC_TRACES_EvtNot
 .text.TL_TRACES_EvtReceived
                0x080082f4       0x14 ./Middlewares/ST/STM32_WPAN/interface/patterns/ble_thread/tl/tl_mbox.o
                0x080082f4                TL_TRACES_EvtReceived
 .text.OutputDbgTrace
                0x08008308       0xac ./Middlewares/ST/STM32_WPAN/interface/patterns/ble_thread/tl/tl_mbox.o
 .text.DbgTrace_TxCpltCallback
                0x080083b4       0x70 ./Middlewares/ST/STM32_WPAN/utilities/dbg_trace.o
 .text.DbgTraceInit
                0x08008424       0x2c ./Middlewares/ST/STM32_WPAN/utilities/dbg_trace.o
                0x08008424                DbgTraceInit
 .text._write   0x08008450       0x20 ./Middlewares/ST/STM32_WPAN/utilities/dbg_trace.o
                0x08008450                _write
 .text.DbgTraceWrite
                0x08008470       0xb0 ./Middlewares/ST/STM32_WPAN/utilities/dbg_trace.o
                0x08008470                DbgTraceWrite
 .text.OTP_Read
                0x08008520       0x50 ./Middlewares/ST/STM32_WPAN/utilities/otp.o
                0x08008520                OTP_Read
 .text.LST_init_head
                0x08008570       0x20 ./Middlewares/ST/STM32_WPAN/utilities/stm_list.o
                0x08008570                LST_init_head
 .text.LST_is_empty
                0x08008590       0x44 ./Middlewares/ST/STM32_WPAN/utilities/stm_list.o
                0x08008590                LST_is_empty
 .text.LST_insert_head
                0x080085d4       0x4c ./Middlewares/ST/STM32_WPAN/utilities/stm_list.o
                0x080085d4                LST_insert_head
 .text.LST_insert_tail
                0x08008620       0x4c ./Middlewares/ST/STM32_WPAN/utilities/stm_list.o
                0x08008620                LST_insert_tail
 .text.LST_remove_node
                0x0800866c       0x42 ./Middlewares/ST/STM32_WPAN/utilities/stm_list.o
                0x0800866c                LST_remove_node
 .text.LST_remove_head
                0x080086ae       0x3e ./Middlewares/ST/STM32_WPAN/utilities/stm_list.o
                0x080086ae                LST_remove_head
 .text.CircularQueue_Init
                0x080086ec       0x64 ./Middlewares/ST/STM32_WPAN/utilities/stm_queue.o
                0x080086ec                CircularQueue_Init
 .text.CircularQueue_Add
                0x08008750      0x44c ./Middlewares/ST/STM32_WPAN/utilities/stm_queue.o
                0x08008750                CircularQueue_Add
 .text.CircularQueue_Remove
                0x08008b9c      0x1de ./Middlewares/ST/STM32_WPAN/utilities/stm_queue.o
                0x08008b9c                CircularQueue_Remove
 .text.CircularQueue_Sense
                0x08008d7a      0x16a ./Middlewares/ST/STM32_WPAN/utilities/stm_queue.o
                0x08008d7a                CircularQueue_Sense
 .text.LL_FLASH_GetUDN
                0x08008ee4       0x18 ./STM32_WPAN/App/app_ble.o
 .text.LL_FLASH_GetDeviceID
                0x08008efc       0x18 ./STM32_WPAN/App/app_ble.o
 .text.LL_FLASH_GetSTCompanyID
                0x08008f14       0x18 ./STM32_WPAN/App/app_ble.o
 .text.APP_BLE_Init
                0x08008f2c       0xf4 ./STM32_WPAN/App/app_ble.o
                0x08008f2c                APP_BLE_Init
 .text.SVCCTL_App_Notification
                0x08009020      0x404 ./STM32_WPAN/App/app_ble.o
                0x08009020                SVCCTL_App_Notification
 .text.Ble_Tl_Init
                0x08009424       0x2c ./STM32_WPAN/App/app_ble.o
 .text.Ble_Hci_Gap_Gatt_Init
                0x08009450      0x31c ./STM32_WPAN/App/app_ble.o
 .text.Adv_Request
                0x0800976c       0xa0 ./STM32_WPAN/App/app_ble.o
 .text.BleGetBdAddress
                0x0800980c       0x88 ./STM32_WPAN/App/app_ble.o
 .text.Adv_Cancel
                0x08009894       0x58 ./STM32_WPAN/App/app_ble.o
 .text.hci_notify_asynch_evt
                0x080098ec       0x18 ./STM32_WPAN/App/app_ble.o
                0x080098ec                hci_notify_asynch_evt
 .text.hci_cmd_resp_release
                0x08009904       0x16 ./STM32_WPAN/App/app_ble.o
                0x08009904                hci_cmd_resp_release
 .text.hci_cmd_resp_wait
                0x0800991a       0x16 ./STM32_WPAN/App/app_ble.o
                0x0800991a                hci_cmd_resp_wait
 .text.BLE_UserEvtRx
                0x08009930       0x38 ./STM32_WPAN/App/app_ble.o
 .text.BLE_StatusNot
                0x08009968       0x36 ./STM32_WPAN/App/app_ble.o
 .text.Custom_STM_App_Notification
                0x0800999e       0x28 ./STM32_WPAN/App/custom_app.o
                0x0800999e                Custom_STM_App_Notification
 .text.Custom_APP_Notification
                0x080099c6       0x28 ./STM32_WPAN/App/custom_app.o
                0x080099c6                Custom_APP_Notification
 .text.Custom_APP_Init
                0x080099ee        0xe ./STM32_WPAN/App/custom_app.o
                0x080099ee                Custom_APP_Init
 .text.Custom_STM_Event_Handler
                0x080099fc       0xd4 ./STM32_WPAN/App/custom_stm.o
 .text.SVCCTL_InitCustomSvc
                0x08009ad0      0x23c ./STM32_WPAN/App/custom_stm.o
                0x08009ad0                SVCCTL_InitCustomSvc
 .text.LL_PWR_EnableBootC2
                0x08009d0c       0x20 ./STM32_WPAN/Target/hw_ipcc.o
 .text.LL_C2_EXTI_EnableEvent_32_63
                0x08009d2c       0x28 ./STM32_WPAN/Target/hw_ipcc.o
 .text.LL_EXTI_EnableRisingTrig_32_63
                0x08009d54       0x24 ./STM32_WPAN/Target/hw_ipcc.o
 .text.LL_AHB3_GRP1_EnableClock
                0x08009d78       0x32 ./STM32_WPAN/Target/hw_ipcc.o
 .text.LL_C2_AHB3_GRP1_EnableClock
                0x08009daa       0x38 ./STM32_WPAN/Target/hw_ipcc.o
 .text.LL_C1_IPCC_EnableIT_TXF
                0x08009de2       0x20 ./STM32_WPAN/Target/hw_ipcc.o
 .text.LL_C1_IPCC_EnableIT_RXO
                0x08009e02       0x20 ./STM32_WPAN/Target/hw_ipcc.o
 .text.LL_C1_IPCC_EnableTransmitChannel
                0x08009e22       0x26 ./STM32_WPAN/Target/hw_ipcc.o
 .text.LL_C1_IPCC_DisableTransmitChannel
                0x08009e48       0x24 ./STM32_WPAN/Target/hw_ipcc.o
 .text.LL_C1_IPCC_EnableReceiveChannel
                0x08009e6c       0x24 ./STM32_WPAN/Target/hw_ipcc.o
 .text.LL_C1_IPCC_ClearFlag_CHx
                0x08009e90       0x1c ./STM32_WPAN/Target/hw_ipcc.o
 .text.LL_C1_IPCC_SetFlag_CHx
                0x08009eac       0x1e ./STM32_WPAN/Target/hw_ipcc.o
 .text.LL_C1_IPCC_IsActiveFlag_CHx
                0x08009eca       0x2a ./STM32_WPAN/Target/hw_ipcc.o
 .text.LL_C2_IPCC_IsActiveFlag_CHx
                0x08009ef4       0x2a ./STM32_WPAN/Target/hw_ipcc.o
 *fill*         0x08009f1e        0x2 
 .text.HW_IPCC_Rx_Handler
                0x08009f20       0x6c ./STM32_WPAN/Target/hw_ipcc.o
                0x08009f20                HW_IPCC_Rx_Handler
 .text.HW_IPCC_Tx_Handler
                0x08009f8c       0x6c ./STM32_WPAN/Target/hw_ipcc.o
                0x08009f8c                HW_IPCC_Tx_Handler
 .text.HW_IPCC_Enable
                0x08009ff8       0x28 ./STM32_WPAN/Target/hw_ipcc.o
                0x08009ff8                HW_IPCC_Enable
 .text.HW_IPCC_Init
                0x0800a020       0x2c ./STM32_WPAN/Target/hw_ipcc.o
                0x0800a020                HW_IPCC_Init
 .text.HW_IPCC_BLE_Init
                0x0800a04c       0x14 ./STM32_WPAN/Target/hw_ipcc.o
                0x0800a04c                HW_IPCC_BLE_Init
 .text.HW_IPCC_BLE_SendCmd
                0x0800a060       0x14 ./STM32_WPAN/Target/hw_ipcc.o
                0x0800a060                HW_IPCC_BLE_SendCmd
 .text.HW_IPCC_BLE_EvtHandler
                0x0800a074       0x18 ./STM32_WPAN/Target/hw_ipcc.o
 .text.HW_IPCC_BLE_AclDataEvtHandler
                0x0800a08c       0x18 ./STM32_WPAN/Target/hw_ipcc.o
 .text.HW_IPCC_SYS_Init
                0x0800a0a4       0x14 ./STM32_WPAN/Target/hw_ipcc.o
                0x0800a0a4                HW_IPCC_SYS_Init
 .text.HW_IPCC_SYS_SendCmd
                0x0800a0b8       0x1c ./STM32_WPAN/Target/hw_ipcc.o
                0x0800a0b8                HW_IPCC_SYS_SendCmd
 .text.HW_IPCC_SYS_CmdEvtHandler
                0x0800a0d4       0x18 ./STM32_WPAN/Target/hw_ipcc.o
 .text.HW_IPCC_SYS_EvtHandler
                0x0800a0ec       0x18 ./STM32_WPAN/Target/hw_ipcc.o
 .text.HW_IPCC_MM_SendFreeBuf
                0x0800a104       0x44 ./STM32_WPAN/Target/hw_ipcc.o
                0x0800a104                HW_IPCC_MM_SendFreeBuf
 .text.HW_IPCC_MM_FreeBufHandler
                0x0800a148       0x28 ./STM32_WPAN/Target/hw_ipcc.o
 .text.HW_IPCC_TRACES_Init
                0x0800a170       0x14 ./STM32_WPAN/Target/hw_ipcc.o
                0x0800a170                HW_IPCC_TRACES_Init
 .text.HW_IPCC_TRACES_EvtHandler
                0x0800a184       0x18 ./STM32_WPAN/Target/hw_ipcc.o
 .text.UTIL_LPM_Init
                0x0800a19c       0x24 ./Utilities/lpm/tiny_lpm/stm32_lpm.o
                0x0800a19c                UTIL_LPM_Init
 .text.UTIL_LPM_SetOffMode
                0x0800a1c0       0x60 ./Utilities/lpm/tiny_lpm/stm32_lpm.o
                0x0800a1c0                UTIL_LPM_SetOffMode
 .text.UTIL_SEQ_Run
                0x0800a220      0x1f8 ./Utilities/sequencer/stm32_seq.o
                0x0800a220                UTIL_SEQ_Run
 .text.UTIL_SEQ_RegTask
                0x0800a418       0x44 ./Utilities/sequencer/stm32_seq.o
                0x0800a418                UTIL_SEQ_RegTask
 .text.UTIL_SEQ_SetTask
                0x0800a45c       0x58 ./Utilities/sequencer/stm32_seq.o
                0x0800a45c                UTIL_SEQ_SetTask
 .text.UTIL_SEQ_PauseTask
                0x0800a4b4       0x40 ./Utilities/sequencer/stm32_seq.o
                0x0800a4b4                UTIL_SEQ_PauseTask
 .text.UTIL_SEQ_ResumeTask
                0x0800a4f4       0x40 ./Utilities/sequencer/stm32_seq.o
                0x0800a4f4                UTIL_SEQ_ResumeTask
 .text.UTIL_SEQ_SetEvt
                0x0800a534       0x40 ./Utilities/sequencer/stm32_seq.o
                0x0800a534                UTIL_SEQ_SetEvt
 .text.UTIL_SEQ_WaitEvt
                0x0800a574       0x94 ./Utilities/sequencer/stm32_seq.o
                0x0800a574                UTIL_SEQ_WaitEvt
 .text.UTIL_SEQ_PreIdle
                0x0800a608        0xe ./Utilities/sequencer/stm32_seq.o
                0x0800a608                UTIL_SEQ_PreIdle
 .text.UTIL_SEQ_PostIdle
                0x0800a616        0xe ./Utilities/sequencer/stm32_seq.o
                0x0800a616                UTIL_SEQ_PostIdle
 .text.SEQ_BitPosition
                0x0800a624       0x30 ./Utilities/sequencer/stm32_seq.o
                0x0800a624                SEQ_BitPosition
 .text.std      0x0800a654       0x6c /opt/st/stm32cubeide_1.17.0/plugins/com.st.stm32cube.ide.mcu.externaltools.gnu-tools-for-stm32.12.3.rel1.linux64_1.1.0.202410170702/tools/bin/../lib/gcc/arm-none-eabi/12.3.1/../../../../arm-none-eabi/lib/thumb/v7e-m+fp/hard/libc_nano.a(libc_a-findfp.o)
 .text.stdio_exit_handler
                0x0800a6c0       0x18 /opt/st/stm32cubeide_1.17.0/plugins/com.st.stm32cube.ide.mcu.externaltools.gnu-tools-for-stm32.12.3.rel1.linux64_1.1.0.202410170702/tools/bin/../lib/gcc/arm-none-eabi/12.3.1/../../../../arm-none-eabi/lib/thumb/v7e-m+fp/hard/libc_nano.a(libc_a-findfp.o)
 .text.cleanup_stdio
                0x0800a6d8       0x40 /opt/st/stm32cubeide_1.17.0/plugins/com.st.stm32cube.ide.mcu.externaltools.gnu-tools-for-stm32.12.3.rel1.linux64_1.1.0.202410170702/tools/bin/../lib/gcc/arm-none-eabi/12.3.1/../../../../arm-none-eabi/lib/thumb/v7e-m+fp/hard/libc_nano.a(libc_a-findfp.o)
 .text.global_stdio_init.part.0
                0x0800a718       0x3c /opt/st/stm32cubeide_1.17.0/plugins/com.st.stm32cube.ide.mcu.externaltools.gnu-tools-for-stm32.12.3.rel1.linux64_1.1.0.202410170702/tools/bin/../lib/gcc/arm-none-eabi/12.3.1/../../../../arm-none-eabi/lib/thumb/v7e-m+fp/hard/libc_nano.a(libc_a-findfp.o)
 .text.__sfp_lock_acquire
                0x0800a754        0xc /opt/st/stm32cubeide_1.17.0/plugins/com.st.stm32cube.ide.mcu.externaltools.gnu-tools-for-stm32.12.3.rel1.linux64_1.1.0.202410170702/tools/bin/../lib/gcc/arm-none-eabi/12.3.1/../../../../arm-none-eabi/lib/thumb/v7e-m+fp/hard/libc_nano.a(libc_a-findfp.o)
                0x0800a754                __sfp_lock_acquire
 .text.__sfp_lock_release
                0x0800a760        0xc /opt/st/stm32cubeide_1.17.0/plugins/com.st.stm32cube.ide.mcu.externaltools.gnu-tools-for-stm32.12.3.rel1.linux64_1.1.0.202410170702/tools/bin/../lib/gcc/arm-none-eabi/12.3.1/../../../../arm-none-eabi/lib/thumb/v7e-m+fp/hard/libc_nano.a(libc_a-findfp.o)
                0x0800a760                __sfp_lock_release
 .text.__sinit  0x0800a76c       0x30 /opt/st/stm32cubeide_1.17.0/plugins/com.st.stm32cube.ide.mcu.externaltools.gnu-tools-for-stm32.12.3.rel1.linux64_1.1.0.202410170702/tools/bin/../lib/gcc/arm-none-eabi/12.3.1/../../../../arm-none-eabi/lib/thumb/v7e-m+fp/hard/libc_nano.a(libc_a-findfp.o)
                0x0800a76c                __sinit
 .text._fwalk_sglue
                0x0800a79c       0x3c /opt/st/stm32cubeide_1.17.0/plugins/com.st.stm32cube.ide.mcu.externaltools.gnu-tools-for-stm32.12.3.rel1.linux64_1.1.0.202410170702/tools/bin/../lib/gcc/arm-none-eabi/12.3.1/../../../../arm-none-eabi/lib/thumb/v7e-m+fp/hard/libc_nano.a(libc_a-fwalk.o)
                0x0800a79c                _fwalk_sglue
 .text.printf   0x0800a7d8       0x24 /opt/st/stm32cubeide_1.17.0/plugins/com.st.stm32cube.ide.mcu.externaltools.gnu-tools-for-stm32.12.3.rel1.linux64_1.1.0.202410170702/tools/bin/../lib/gcc/arm-none-eabi/12.3.1/../../../../arm-none-eabi/lib/thumb/v7e-m+fp/hard/libc_nano.a(libc_a-printf.o)
                0x0800a7d8                printf
                0x0800a7d8                iprintf
 .text.putchar  0x0800a7fc       0x10 /opt/st/stm32cubeide_1.17.0/plugins/com.st.stm32cube.ide.mcu.externaltools.gnu-tools-for-stm32.12.3.rel1.linux64_1.1.0.202410170702/tools/bin/../lib/gcc/arm-none-eabi/12.3.1/../../../../arm-none-eabi/lib/thumb/v7e-m+fp/hard/libc_nano.a(libc_a-putchar.o)
                0x0800a7fc                putchar
 .text._puts_r  0x0800a80c       0xaa /opt/st/stm32cubeide_1.17.0/plugins/com.st.stm32cube.ide.mcu.externaltools.gnu-tools-for-stm32.12.3.rel1.linux64_1.1.0.202410170702/tools/bin/../lib/gcc/arm-none-eabi/12.3.1/../../../../arm-none-eabi/lib/thumb/v7e-m+fp/hard/libc_nano.a(libc_a-puts.o)
                0x0800a80c                _puts_r
 *fill*         0x0800a8b6        0x2 
 .text.puts     0x0800a8b8       0x10 /opt/st/stm32cubeide_1.17.0/plugins/com.st.stm32cube.ide.mcu.externaltools.gnu-tools-for-stm32.12.3.rel1.linux64_1.1.0.202410170702/tools/bin/../lib/gcc/arm-none-eabi/12.3.1/../../../../arm-none-eabi/lib/thumb/v7e-m+fp/hard/libc_nano.a(libc_a-puts.o)
                0x0800a8b8                puts
 .text.__sread  0x0800a8c8       0x22 /opt/st/stm32cubeide_1.17.0/plugins/com.st.stm32cube.ide.mcu.externaltools.gnu-tools-for-stm32.12.3.rel1.linux64_1.1.0.202410170702/tools/bin/../lib/gcc/arm-none-eabi/12.3.1/../../../../arm-none-eabi/lib/thumb/v7e-m+fp/hard/libc_nano.a(libc_a-stdio.o)
                0x0800a8c8                __sread
 .text.__swrite
                0x0800a8ea       0x38 /opt/st/stm32cubeide_1.17.0/plugins/com.st.stm32cube.ide.mcu.externaltools.gnu-tools-for-stm32.12.3.rel1.linux64_1.1.0.202410170702/tools/bin/../lib/gcc/arm-none-eabi/12.3.1/../../../../arm-none-eabi/lib/thumb/v7e-m+fp/hard/libc_nano.a(libc_a-stdio.o)
                0x0800a8ea                __swrite
 .text.__sseek  0x0800a922       0x24 /opt/st/stm32cubeide_1.17.0/plugins/com.st.stm32cube.ide.mcu.externaltools.gnu-tools-for-stm32.12.3.rel1.linux64_1.1.0.202410170702/tools/bin/../lib/gcc/arm-none-eabi/12.3.1/../../../../arm-none-eabi/lib/thumb/v7e-m+fp/hard/libc_nano.a(libc_a-stdio.o)
                0x0800a922                __sseek
 .text.__sclose
                0x0800a946        0x8 /opt/st/stm32cubeide_1.17.0/plugins/com.st.stm32cube.ide.mcu.externaltools.gnu-tools-for-stm32.12.3.rel1.linux64_1.1.0.202410170702/tools/bin/../lib/gcc/arm-none-eabi/12.3.1/../../../../arm-none-eabi/lib/thumb/v7e-m+fp/hard/libc_nano.a(libc_a-stdio.o)
                0x0800a946                __sclose
 .text.__swbuf_r
                0x0800a94e       0x7c /opt/st/stm32cubeide_1.17.0/plugins/com.st.stm32cube.ide.mcu.externaltools.gnu-tools-for-stm32.12.3.rel1.linux64_1.1.0.202410170702/tools/bin/../lib/gcc/arm-none-eabi/12.3.1/../../../../arm-none-eabi/lib/thumb/v7e-m+fp/hard/libc_nano.a(libc_a-wbuf.o)
                0x0800a94e                __swbuf_r
 *fill*         0x0800a9ca        0x2 
 .text.__swsetup_r
                0x0800a9cc       0xac /opt/st/stm32cubeide_1.17.0/plugins/com.st.stm32cube.ide.mcu.externaltools.gnu-tools-for-stm32.12.3.rel1.linux64_1.1.0.202410170702/tools/bin/../lib/gcc/arm-none-eabi/12.3.1/../../../../arm-none-eabi/lib/thumb/v7e-m+fp/hard/libc_nano.a(libc_a-wsetup.o)
                0x0800a9cc                __swsetup_r
 .text.memset   0x0800aa78       0x10 /opt/st/stm32cubeide_1.17.0/plugins/com.st.stm32cube.ide.mcu.externaltools.gnu-tools-for-stm32.12.3.rel1.linux64_1.1.0.202410170702/tools/bin/../lib/gcc/arm-none-eabi/12.3.1/../../../../arm-none-eabi/lib/thumb/v7e-m+fp/hard/libc_nano.a(libc_a-memset.o)
                0x0800aa78                memset
 .text._close_r
                0x0800aa88       0x20 /opt/st/stm32cubeide_1.17.0/plugins/com.st.stm32cube.ide.mcu.externaltools.gnu-tools-for-stm32.12.3.rel1.linux64_1.1.0.202410170702/tools/bin/../lib/gcc/arm-none-eabi/12.3.1/../../../../arm-none-eabi/lib/thumb/v7e-m+fp/hard/libc_nano.a(libc_a-closer.o)
                0x0800aa88                _close_r
 .text._lseek_r
                0x0800aaa8       0x24 /opt/st/stm32cubeide_1.17.0/plugins/com.st.stm32cube.ide.mcu.externaltools.gnu-tools-for-stm32.12.3.rel1.linux64_1.1.0.202410170702/tools/bin/../lib/gcc/arm-none-eabi/12.3.1/../../../../arm-none-eabi/lib/thumb/v7e-m+fp/hard/libc_nano.a(libc_a-lseekr.o)
                0x0800aaa8                _lseek_r
 .text._read_r  0x0800aacc       0x24 /opt/st/stm32cubeide_1.17.0/plugins/com.st.stm32cube.ide.mcu.externaltools.gnu-tools-for-stm32.12.3.rel1.linux64_1.1.0.202410170702/tools/bin/../lib/gcc/arm-none-eabi/12.3.1/../../../../arm-none-eabi/lib/thumb/v7e-m+fp/hard/libc_nano.a(libc_a-readr.o)
                0x0800aacc                _read_r
 .text._write_r
                0x0800aaf0       0x24 /opt/st/stm32cubeide_1.17.0/plugins/com.st.stm32cube.ide.mcu.externaltools.gnu-tools-for-stm32.12.3.rel1.linux64_1.1.0.202410170702/tools/bin/../lib/gcc/arm-none-eabi/12.3.1/../../../../arm-none-eabi/lib/thumb/v7e-m+fp/hard/libc_nano.a(libc_a-writer.o)
                0x0800aaf0                _write_r
 .text.__errno  0x0800ab14        0xc /opt/st/stm32cubeide_1.17.0/plugins/com.st.stm32cube.ide.mcu.externaltools.gnu-tools-for-stm32.12.3.rel1.linux64_1.1.0.202410170702/tools/bin/../lib/gcc/arm-none-eabi/12.3.1/../../../../arm-none-eabi/lib/thumb/v7e-m+fp/hard/libc_nano.a(libc_a-errno.o)
                0x0800ab14                __errno
 .text.__libc_init_array
                0x0800ab20       0x48 /opt/st/stm32cubeide_1.17.0/plugins/com.st.stm32cube.ide.mcu.externaltools.gnu-tools-for-stm32.12.3.rel1.linux64_1.1.0.202410170702/tools/bin/../lib/gcc/arm-none-eabi/12.3.1/../../../../arm-none-eabi/lib/thumb/v7e-m+fp/hard/libc_nano.a(libc_a-init.o)
                0x0800ab20                __libc_init_array
 .text.__retarget_lock_init_recursive
                0x0800ab68        0x2 /opt/st/stm32cubeide_1.17.0/plugins/com.st.stm32cube.ide.mcu.externaltools.gnu-tools-for-stm32.12.3.rel1.linux64_1.1.0.202410170702/tools/bin/../lib/gcc/arm-none-eabi/12.3.1/../../../../arm-none-eabi/lib/thumb/v7e-m+fp/hard/libc_nano.a(libc_a-lock.o)
                0x0800ab68                __retarget_lock_init_recursive
 .text.__retarget_lock_acquire_recursive
                0x0800ab6a        0x2 /opt/st/stm32cubeide_1.17.0/plugins/com.st.stm32cube.ide.mcu.externaltools.gnu-tools-for-stm32.12.3.rel1.linux64_1.1.0.202410170702/tools/bin/../lib/gcc/arm-none-eabi/12.3.1/../../../../arm-none-eabi/lib/thumb/v7e-m+fp/hard/libc_nano.a(libc_a-lock.o)
                0x0800ab6a                __retarget_lock_acquire_recursive
 .text.__retarget_lock_release_recursive
                0x0800ab6c        0x2 /opt/st/stm32cubeide_1.17.0/plugins/com.st.stm32cube.ide.mcu.externaltools.gnu-tools-for-stm32.12.3.rel1.linux64_1.1.0.202410170702/tools/bin/../lib/gcc/arm-none-eabi/12.3.1/../../../../arm-none-eabi/lib/thumb/v7e-m+fp/hard/libc_nano.a(libc_a-lock.o)
                0x0800ab6c                __retarget_lock_release_recursive
 .text.memcpy   0x0800ab6e       0x1c /opt/st/stm32cubeide_1.17.0/plugins/com.st.stm32cube.ide.mcu.externaltools.gnu-tools-for-stm32.12.3.rel1.linux64_1.1.0.202410170702/tools/bin/../lib/gcc/arm-none-eabi/12.3.1/../../../../arm-none-eabi/lib/thumb/v7e-m+fp/hard/libc_nano.a(libc_a-memcpy-stub.o)
                0x0800ab6e                memcpy
 *fill*         0x0800ab8a        0x2 
 .text._free_r  0x0800ab8c       0x94 /opt/st/stm32cubeide_1.17.0/plugins/com.st.stm32cube.ide.mcu.externaltools.gnu-tools-for-stm32.12.3.rel1.linux64_1.1.0.202410170702/tools/bin/../lib/gcc/arm-none-eabi/12.3.1/../../../../arm-none-eabi/lib/thumb/v7e-m+fp/hard/libc_nano.a(libc_a-freer.o)
                0x0800ab8c                _free_r
 .text.sbrk_aligned
                0x0800ac20       0x44 /opt/st/stm32cubeide_1.17.0/plugins/com.st.stm32cube.ide.mcu.externaltools.gnu-tools-for-stm32.12.3.rel1.linux64_1.1.0.202410170702/tools/bin/../lib/gcc/arm-none-eabi/12.3.1/../../../../arm-none-eabi/lib/thumb/v7e-m+fp/hard/libc_nano.a(libc_a-mallocr.o)
 .text._malloc_r
                0x0800ac64      0x100 /opt/st/stm32cubeide_1.17.0/plugins/com.st.stm32cube.ide.mcu.externaltools.gnu-tools-for-stm32.12.3.rel1.linux64_1.1.0.202410170702/tools/bin/../lib/gcc/arm-none-eabi/12.3.1/../../../../arm-none-eabi/lib/thumb/v7e-m+fp/hard/libc_nano.a(libc_a-mallocr.o)
                0x0800ac64                _malloc_r
 .text.__malloc_lock
                0x0800ad64        0xc /opt/st/stm32cubeide_1.17.0/plugins/com.st.stm32cube.ide.mcu.externaltools.gnu-tools-for-stm32.12.3.rel1.linux64_1.1.0.202410170702/tools/bin/../lib/gcc/arm-none-eabi/12.3.1/../../../../arm-none-eabi/lib/thumb/v7e-m+fp/hard/libc_nano.a(libc_a-mlock.o)
                0x0800ad64                __malloc_lock
 .text.__malloc_unlock
                0x0800ad70        0xc /opt/st/stm32cubeide_1.17.0/plugins/com.st.stm32cube.ide.mcu.externaltools.gnu-tools-for-stm32.12.3.rel1.linux64_1.1.0.202410170702/tools/bin/../lib/gcc/arm-none-eabi/12.3.1/../../../../arm-none-eabi/lib/thumb/v7e-m+fp/hard/libc_nano.a(libc_a-mlock.o)
                0x0800ad70                __malloc_unlock
 .text.__sfputc_r
                0x0800ad7c       0x2e /opt/st/stm32cubeide_1.17.0/plugins/com.st.stm32cube.ide.mcu.externaltools.gnu-tools-for-stm32.12.3.rel1.linux64_1.1.0.202410170702/tools/bin/../lib/gcc/arm-none-eabi/12.3.1/../../../../arm-none-eabi/lib/thumb/v7e-m+fp/hard/libc_nano.a(libc_a-nano-vfprintf.o)
 .text.__sfputs_r
                0x0800adaa       0x24 /opt/st/stm32cubeide_1.17.0/plugins/com.st.stm32cube.ide.mcu.externaltools.gnu-tools-for-stm32.12.3.rel1.linux64_1.1.0.202410170702/tools/bin/../lib/gcc/arm-none-eabi/12.3.1/../../../../arm-none-eabi/lib/thumb/v7e-m+fp/hard/libc_nano.a(libc_a-nano-vfprintf.o)
                0x0800adaa                __sfputs_r
 *fill*         0x0800adce        0x2 
 .text._vfprintf_r
                0x0800add0      0x230 /opt/st/stm32cubeide_1.17.0/plugins/com.st.stm32cube.ide.mcu.externaltools.gnu-tools-for-stm32.12.3.rel1.linux64_1.1.0.202410170702/tools/bin/../lib/gcc/arm-none-eabi/12.3.1/../../../../arm-none-eabi/lib/thumb/v7e-m+fp/hard/libc_nano.a(libc_a-nano-vfprintf.o)
                0x0800add0                _vfiprintf_r
                0x0800add0                _vfprintf_r
 .text._printf_common
                0x0800b000       0xda /opt/st/stm32cubeide_1.17.0/plugins/com.st.stm32cube.ide.mcu.externaltools.gnu-tools-for-stm32.12.3.rel1.linux64_1.1.0.202410170702/tools/bin/../lib/gcc/arm-none-eabi/12.3.1/../../../../arm-none-eabi/lib/thumb/v7e-m+fp/hard/libc_nano.a(libc_a-nano-vfprintf_i.o)
                0x0800b000                _printf_common
 *fill*         0x0800b0da        0x2 
 .text._printf_i
                0x0800b0dc      0x240 /opt/st/stm32cubeide_1.17.0/plugins/com.st.stm32cube.ide.mcu.externaltools.gnu-tools-for-stm32.12.3.rel1.linux64_1.1.0.202410170702/tools/bin/../lib/gcc/arm-none-eabi/12.3.1/../../../../arm-none-eabi/lib/thumb/v7e-m+fp/hard/libc_nano.a(libc_a-nano-vfprintf_i.o)
                0x0800b0dc                _printf_i
 .text.__sflush_r
                0x0800b31c      0x108 /opt/st/stm32cubeide_1.17.0/plugins/com.st.stm32cube.ide.mcu.externaltools.gnu-tools-for-stm32.12.3.rel1.linux64_1.1.0.202410170702/tools/bin/../lib/gcc/arm-none-eabi/12.3.1/../../../../arm-none-eabi/lib/thumb/v7e-m+fp/hard/libc_nano.a(libc_a-fflush.o)
                0x0800b31c                __sflush_r
 .text._fflush_r
                0x0800b424       0x50 /opt/st/stm32cubeide_1.17.0/plugins/com.st.stm32cube.ide.mcu.externaltools.gnu-tools-for-stm32.12.3.rel1.linux64_1.1.0.202410170702/tools/bin/../lib/gcc/arm-none-eabi/12.3.1/../../../../arm-none-eabi/lib/thumb/v7e-m+fp/hard/libc_nano.a(libc_a-fflush.o)
                0x0800b424                _fflush_r
 .text.__swhatbuf_r
                0x0800b474       0x4c /opt/st/stm32cubeide_1.17.0/plugins/com.st.stm32cube.ide.mcu.externaltools.gnu-tools-for-stm32.12.3.rel1.linux64_1.1.0.202410170702/tools/bin/../lib/gcc/arm-none-eabi/12.3.1/../../../../arm-none-eabi/lib/thumb/v7e-m+fp/hard/libc_nano.a(libc_a-makebuf.o)
                0x0800b474                __swhatbuf_r
 .text.__smakebuf_r
                0x0800b4c0       0x78 /opt/st/stm32cubeide_1.17.0/plugins/com.st.stm32cube.ide.mcu.externaltools.gnu-tools-for-stm32.12.3.rel1.linux64_1.1.0.202410170702/tools/bin/../lib/gcc/arm-none-eabi/12.3.1/../../../../arm-none-eabi/lib/thumb/v7e-m+fp/hard/libc_nano.a(libc_a-makebuf.o)
                0x0800b4c0                __smakebuf_r
 .text._putc_r  0x0800b538       0x68 /opt/st/stm32cubeide_1.17.0/plugins/com.st.stm32cube.ide.mcu.externaltools.gnu-tools-for-stm32.12.3.rel1.linux64_1.1.0.202410170702/tools/bin/../lib/gcc/arm-none-eabi/12.3.1/../../../../arm-none-eabi/lib/thumb/v7e-m+fp/hard/libc_nano.a(libc_a-putc.o)
                0x0800b538                _putc_r
 .text._fstat_r
                0x0800b5a0       0x24 /opt/st/stm32cubeide_1.17.0/plugins/com.st.stm32cube.ide.mcu.externaltools.gnu-tools-for-stm32.12.3.rel1.linux64_1.1.0.202410170702/tools/bin/../lib/gcc/arm-none-eabi/12.3.1/../../../../arm-none-eabi/lib/thumb/v7e-m+fp/hard/libc_nano.a(libc_a-fstatr.o)
                0x0800b5a0                _fstat_r
 .text._isatty_r
                0x0800b5c4       0x20 /opt/st/stm32cubeide_1.17.0/plugins/com.st.stm32cube.ide.mcu.externaltools.gnu-tools-for-stm32.12.3.rel1.linux64_1.1.0.202410170702/tools/bin/../lib/gcc/arm-none-eabi/12.3.1/../../../../arm-none-eabi/lib/thumb/v7e-m+fp/hard/libc_nano.a(libc_a-isattyr.o)
                0x0800b5c4                _isatty_r
 .text._sbrk_r  0x0800b5e4       0x20 /opt/st/stm32cubeide_1.17.0/plugins/com.st.stm32cube.ide.mcu.externaltools.gnu-tools-for-stm32.12.3.rel1.linux64_1.1.0.202410170702/tools/bin/../lib/gcc/arm-none-eabi/12.3.1/../../../../arm-none-eabi/lib/thumb/v7e-m+fp/hard/libc_nano.a(libc_a-sbrkr.o)
                0x0800b5e4                _sbrk_r
 *(.glue_7)
 .glue_7        0x0800b604        0x0 linker stubs
 *(.glue_7t)
 .glue_7t       0x0800b604        0x0 linker stubs
 *(.eh_frame)
 .eh_frame      0x0800b604        0x0 /opt/st/stm32cubeide_1.17.0/plugins/com.st.stm32cube.ide.mcu.externaltools.gnu-tools-for-stm32.12.3.rel1.linux64_1.1.0.202410170702/tools/bin/../lib/gcc/arm-none-eabi/12.3.1/thumb/v7e-m+fp/hard/crtbegin.o
 *(.init)
 .init          0x0800b604        0x4 /opt/st/stm32cubeide_1.17.0/plugins/com.st.stm32cube.ide.mcu.externaltools.gnu-tools-for-stm32.12.3.rel1.linux64_1.1.0.202410170702/tools/bin/../lib/gcc/arm-none-eabi/12.3.1/thumb/v7e-m+fp/hard/crti.o
                0x0800b604                _init
 .init          0x0800b608        0x8 /opt/st/stm32cubeide_1.17.0/plugins/com.st.stm32cube.ide.mcu.externaltools.gnu-tools-for-stm32.12.3.rel1.linux64_1.1.0.202410170702/tools/bin/../lib/gcc/arm-none-eabi/12.3.1/thumb/v7e-m+fp/hard/crtn.o
 *(.fini)
 .fini          0x0800b610        0x4 /opt/st/stm32cubeide_1.17.0/plugins/com.st.stm32cube.ide.mcu.externaltools.gnu-tools-for-stm32.12.3.rel1.linux64_1.1.0.202410170702/tools/bin/../lib/gcc/arm-none-eabi/12.3.1/thumb/v7e-m+fp/hard/crti.o
                0x0800b610                _fini
 .fini          0x0800b614        0x8 /opt/st/stm32cubeide_1.17.0/plugins/com.st.stm32cube.ide.mcu.externaltools.gnu-tools-for-stm32.12.3.rel1.linux64_1.1.0.202410170702/tools/bin/../lib/gcc/arm-none-eabi/12.3.1/thumb/v7e-m+fp/hard/crtn.o
                0x0800b61c                        . = ALIGN (0x4)
                0x0800b61c                        _etext = .

.vfp11_veneer   0x0800b61c        0x0
 .vfp11_veneer  0x0800b61c        0x0 linker stubs

.v4_bx          0x0800b61c        0x0
 .v4_bx         0x0800b61c        0x0 linker stubs

.iplt           0x0800b61c        0x0
 .iplt          0x0800b61c        0x0 /opt/st/stm32cubeide_1.17.0/plugins/com.st.stm32cube.ide.mcu.externaltools.gnu-tools-for-stm32.12.3.rel1.linux64_1.1.0.202410170702/tools/bin/../lib/gcc/arm-none-eabi/12.3.1/thumb/v7e-m+fp/hard/crtbegin.o

.rodata         0x0800b61c     0x17b4
                0x0800b61c                        . = ALIGN (0x4)
 *(.rodata)
 .rodata        0x0800b61c       0x1b ./Core/Src/app_debug.o
 *fill*         0x0800b637        0x1 
 .rodata        0x0800b638      0x33e ./Core/Src/app_entry.o
 *fill*         0x0800b976        0x2 
 .rodata        0x0800b978       0x2c ./Drivers/STM32WBxx_HAL_Driver/Src/stm32wbxx_hal_rcc.o
 .rodata        0x0800b9a4      0xc78 ./STM32_WPAN/App/app_ble.o
 .rodata        0x0800c61c      0x560 ./STM32_WPAN/App/custom_stm.o
 *(.rodata*)
 .rodata.aGpioConfigList
                0x0800cb7c      0x130 ./Core/Src/app_debug.o
 .rodata.AHBPrescTable
                0x0800ccac       0x40 ./Core/Src/system_stm32wbxx.o
                0x0800ccac                AHBPrescTable
 .rodata.APBPrescTable
                0x0800ccec       0x20 ./Core/Src/system_stm32wbxx.o
                0x0800ccec                APBPrescTable
 .rodata.MSIRangeTable
                0x0800cd0c       0x40 ./Core/Src/system_stm32wbxx.o
                0x0800cd0c                MSIRangeTable
 .rodata.UARTPrescTable
                0x0800cd4c       0x18 ./Drivers/STM32WBxx_HAL_Driver/Src/stm32wbxx_hal_uart.o
                0x0800cd4c                UARTPrescTable
 .rodata.numerator.1
                0x0800cd64        0x8 ./Drivers/STM32WBxx_HAL_Driver/Src/stm32wbxx_hal_uart_ex.o
 .rodata.denominator.0
                0x0800cd6c        0x8 ./Drivers/STM32WBxx_HAL_Driver/Src/stm32wbxx_hal_uart_ex.o
 .rodata.a_MBdAddr
                0x0800cd74        0x6 ./STM32_WPAN/App/app_ble.o
 *fill*         0x0800cd7a        0x2 
 .rodata.a_BLE_CfgIrValue
                0x0800cd7c       0x10 ./STM32_WPAN/App/app_ble.o
 .rodata.a_BLE_CfgErValue
                0x0800cd8c       0x10 ./STM32_WPAN/App/app_ble.o
 .rodata._vfprintf_r.str1.1
                0x0800cd9c       0x11 /opt/st/stm32cubeide_1.17.0/plugins/com.st.stm32cube.ide.mcu.externaltools.gnu-tools-for-stm32.12.3.rel1.linux64_1.1.0.202410170702/tools/bin/../lib/gcc/arm-none-eabi/12.3.1/../../../../arm-none-eabi/lib/thumb/v7e-m+fp/hard/libc_nano.a(libc_a-nano-vfprintf.o)
 .rodata._printf_i.str1.1
                0x0800cdad       0x22 /opt/st/stm32cubeide_1.17.0/plugins/com.st.stm32cube.ide.mcu.externaltools.gnu-tools-for-stm32.12.3.rel1.linux64_1.1.0.202410170702/tools/bin/../lib/gcc/arm-none-eabi/12.3.1/../../../../arm-none-eabi/lib/thumb/v7e-m+fp/hard/libc_nano.a(libc_a-nano-vfprintf_i.o)
                0x0800cdd0                        . = ALIGN (0x4)
 *fill*         0x0800cdcf        0x1 

.ARM.extab
 *(.ARM.extab* .gnu.linkonce.armextab.*)

.ARM            0x0800cdd0        0x8
                0x0800cdd0                        __exidx_start = .
 *(.ARM.exidx*)
 .ARM.exidx     0x0800cdd0        0x8 /opt/st/stm32cubeide_1.17.0/plugins/com.st.stm32cube.ide.mcu.externaltools.gnu-tools-for-stm32.12.3.rel1.linux64_1.1.0.202410170702/tools/bin/../lib/gcc/arm-none-eabi/12.3.1/../../../../arm-none-eabi/lib/thumb/v7e-m+fp/hard/libc_nano.a(libc_a-strlen.o)
 .ARM.exidx     0x0800cdd8        0x0 /opt/st/stm32cubeide_1.17.0/plugins/com.st.stm32cube.ide.mcu.externaltools.gnu-tools-for-stm32.12.3.rel1.linux64_1.1.0.202410170702/tools/bin/../lib/gcc/arm-none-eabi/12.3.1/../../../../arm-none-eabi/lib/thumb/v7e-m+fp/hard/libc_nano.a(libc_a-memchr.o)
                                  0x8 (size before relaxing)